Archive member included to satisfy reference by file (symbol)

C:/ti/simplelink_cc13x0_sdk_4_20_02_07/source\ti/display/lib/display.am3g(DisplayUart.om3g)
                              ./CC1350_LAUNCHXL_433.o (DisplayUartMin_fxnTable)
C:/ti/simplelink_cc13x0_sdk_4_20_02_07/source\ti/drivers/lib/drivers_cc13x0.am3g(NVSSPI25X.om3g)
                              ./CC1350_LAUNCHXL_433.o (NVSSPI25X_fxnTable)
C:/ti/simplelink_cc13x0_sdk_4_20_02_07/source\ti/drivers/lib/drivers_cc13x0.am3g(SDSPI.om3g)
                              ./CC1350_LAUNCHXL_433.o (SDSPI_fxnTable)
C:/ti/simplelink_cc13x0_sdk_4_20_02_07/source\ti/drivers/lib/drivers_cc13x0.am3g(ADCCC26XX.om3g)
                              ./CC1350_LAUNCHXL_433.o (ADCCC26XX_fxnTable)
C:/ti/simplelink_cc13x0_sdk_4_20_02_07/source\ti/drivers/lib/drivers_cc13x0.am3g(ADCBufCC26XX.om3g)
                              ./CC1350_LAUNCHXL_433.o (ADCBufCC26XX_fxnTable)
C:/ti/simplelink_cc13x0_sdk_4_20_02_07/source\ti/drivers/lib/drivers_cc13x0.am3g(UDMACC26XX.om3g)
                              C:/ti/simplelink_cc13x0_sdk_4_20_02_07/source\ti/drivers/lib/drivers_cc13x0.am3g(ADCBufCC26XX.om3g) (UDMACC26XX_open)
C:/ti/simplelink_cc13x0_sdk_4_20_02_07/source\ti/drivers/lib/drivers_cc13x0.am3g(GPIOCC26XX.om3g)
                              ./gpiointerrupt.o (GPIO_enableInt)
C:/ti/simplelink_cc13x0_sdk_4_20_02_07/source\ti/drivers/lib/drivers_cc13x0.am3g(I2CCC26XX.om3g)
                              ./CC1350_LAUNCHXL_433.o (I2CCC26XX_fxnTable)
C:/ti/simplelink_cc13x0_sdk_4_20_02_07/source\ti/drivers/lib/drivers_cc13x0.am3g(NVSCC26XX.om3g)
                              ./CC1350_LAUNCHXL_433.o (NVSCC26XX_fxnTable)
C:/ti/simplelink_cc13x0_sdk_4_20_02_07/source\ti/drivers/lib/drivers_cc13x0.am3g(PINCC26XX.om3g)
                              ./CC1350_LAUNCHXL_433.o (PIN_init)
C:/ti/simplelink_cc13x0_sdk_4_20_02_07/source\ti/drivers/lib/drivers_cc13x0.am3g(PowerCC26XX.om3g)
                              C:/ti/simplelink_cc13x0_sdk_4_20_02_07/source\ti/drivers/lib/drivers_cc13x0.am3g(UDMACC26XX.om3g) (Power_getDependencyCount)
C:/ti/simplelink_cc13x0_sdk_4_20_02_07/source\ti/drivers/lib/drivers_cc13x0.am3g(PowerCC26XX_calibrateRCOSC.om3g)
                              C:/ti/simplelink_cc13x0_sdk_4_20_02_07/source\ti/drivers/lib/drivers_cc13x0.am3g(PowerCC26XX.om3g) (PowerCC26XX_initiateCalibration)
C:/ti/simplelink_cc13x0_sdk_4_20_02_07/source\ti/drivers/lib/drivers_cc13x0.am3g(PWMTimerCC26XX.om3g)
                              ./CC1350_LAUNCHXL_433.o (PWMTimerCC26XX_fxnTable)
C:/ti/simplelink_cc13x0_sdk_4_20_02_07/source\ti/drivers/lib/drivers_cc13x0.am3g(SPI.om3g)
                              C:/ti/simplelink_cc13x0_sdk_4_20_02_07/source\ti/drivers/lib/drivers_cc13x0.am3g(NVSSPI25X.om3g) (SPI_close)
C:/ti/simplelink_cc13x0_sdk_4_20_02_07/source\ti/drivers/lib/drivers_cc13x0.am3g(SPICC26XXDMA.om3g)
                              ./CC1350_LAUNCHXL_433.o (SPICC26XXDMA_fxnTable)
C:/ti/simplelink_cc13x0_sdk_4_20_02_07/source\ti/drivers/lib/drivers_cc13x0.am3g(GPTimerCC26XX.om3g)
                              C:/ti/simplelink_cc13x0_sdk_4_20_02_07/source\ti/drivers/lib/drivers_cc13x0.am3g(ADCBufCC26XX.om3g) (GPTimerCC26XX_Params_init)
C:/ti/simplelink_cc13x0_sdk_4_20_02_07/source\ti/drivers/lib/drivers_cc13x0.am3g(UART.om3g)
                              C:/ti/simplelink_cc13x0_sdk_4_20_02_07/source\ti/display/lib/display.am3g(DisplayUart.om3g) (UART_close)
C:/ti/simplelink_cc13x0_sdk_4_20_02_07/source\ti/drivers/lib/drivers_cc13x0.am3g(UARTCC26XX.om3g)
                              ./CC1350_LAUNCHXL_433.o (UARTCC26XX_fxnTable)
C:/ti/simplelink_cc13x0_sdk_4_20_02_07/source\ti/drivers/lib/drivers_cc13x0.am3g(WatchdogCC26XX.om3g)
                              ./CC1350_LAUNCHXL_433.o (WatchdogCC26XX_fxnTable)
C:/ti/simplelink_cc13x0_sdk_4_20_02_07/source\ti/drivers/lib/drivers_cc13x0.am3g(List.om3g)
                              C:/ti/simplelink_cc13x0_sdk_4_20_02_07/source\ti/drivers/lib/drivers_cc13x0.am3g(PowerCC26XX.om3g) (List_put)
C:/ti/simplelink_cc13x0_sdk_4_20_02_07/source\ti/drivers/lib/drivers_cc13x0.am3g(RingBuf.om3g)
                              C:/ti/simplelink_cc13x0_sdk_4_20_02_07/source\ti/drivers/lib/drivers_cc13x0.am3g(UARTCC26XX.om3g) (RingBuf_construct)
C:/ti/simplelink_cc13x0_sdk_4_20_02_07/source\ti/drivers/lib/drivers_cc13x0.am3g(ADCBuf.om3g)
                              C:/ti/simplelink_cc13x0_sdk_4_20_02_07/source\ti/drivers/lib/drivers_cc13x0.am3g(ADCBufCC26XX.om3g) (ADCBuf_convertCancel)
C:/ti/simplelink_cc13x0_sdk_4_20_02_07/kernel/nortos\lib/nortos_cc13x0.am3g(SemaphoreP_nortos.om3g)
                              C:/ti/simplelink_cc13x0_sdk_4_20_02_07/source\ti/drivers/lib/drivers_cc13x0.am3g(ADCCC26XX.om3g) (SemaphoreP_constructBinary)
C:/ti/simplelink_cc13x0_sdk_4_20_02_07/kernel/nortos\lib/nortos_cc13x0.am3g(SwiP_nortos.om3g)
[...]
Memory Configuration

Name             Origin             Length             Attributes
FLASH            0x00000000         0x0001ffa8         xr
FLASH_CCFG       0x0001ffa8         0x00000058         xr
SRAM             0x20000000         0x00005000         xrw
*default*        0x00000000         0xffffffff

Linker script and memory map

LOAD ./CC1350_LAUNCHXL_433.o
LOAD ./CC1350_LAUNCHXL_433_fxns.o
LOAD ./ccfg.o
LOAD ./gpiointerrupt.o
LOAD ./main.o
LOAD ./red_green.o
                0x00000400                STACKSIZE = 0x400
                0x00000100                HEAPSIZE = 0x100
                0x00000000                PROVIDE (_resetVecs_base_address = DEFINED (_resetVecs_base_address)?_resetVecs_base_address:0x0)

.resetVecs      0x00000000       0x40
 *(.resetVecs)
 .resetVecs     0x00000000       0x40 C:/ti/simplelink_cc13x0_sdk_4_20_02_07/kernel/nortos\lib/nortos_cc13x0.am3g(startup_cc13xx_cc26xx_gcc.om3g)

.ramVecs
 *(.ramVecs)
                0x20000400                UDMACC26XX_CONFIG_BASE = 0x20000400
                0x20000430                DMA_SPI0_RX_CONTROL_TABLE_ENTRY_ADDRESS = (UDMACC26XX_CONFIG_BASE + 0x30)
                0x20000440                DMA_SPI0_TX_CONTROL_TABLE_ENTRY_ADDRESS = (UDMACC26XX_CONFIG_BASE + 0x40)
                0x20000470                DMA_ADC_PRI_CONTROL_TABLE_ENTRY_ADDRESS = (UDMACC26XX_CONFIG_BASE + 0x70)
                0x20000490                DMA_GPT0A_PRI_CONTROL_TABLE_ENTRY_ADDRESS = (UDMACC26XX_CONFIG_BASE + 0x90)
                0x20000500                DMA_SPI1_RX_CONTROL_TABLE_ENTRY_ADDRESS = (UDMACC26XX_CONFIG_BASE + 0x100)
                0x20000510                DMA_SPI1_TX_CONTROL_TABLE_ENTRY_ADDRESS = (UDMACC26XX_CONFIG_BASE + 0x110)
                0x20000670                DMA_ADC_ALT_CONTROL_TABLE_ENTRY_ADDRESS = (UDMACC26XX_CONFIG_BASE + 0x270)
                0x20000690                DMA_GPT0A_ALT_CONTROL_TABLE_ENTRY_ADDRESS = (UDMACC26XX_CONFIG_BASE + 0x290)
                0x00000000                UDMACC26XX_dmaSpi0RxControlTableEntry_is_placed = 0x0

.dmaSpi0RxControlTableEntry
 *(.dmaSpi0RxControlTableEntry)
                0x00000000                UDMACC26XX_dmaSpi0TxControlTableEntry_is_placed = 0x0

.dmaSpi0TxControlTableEntry
 *(.dmaSpi0TxControlTableEntry)
                0x00000000                UDMACC26XX_dmaADCPriControlTableEntry_is_placed = 0x0

.dmaADCPriControlTableEntry
 *(.dmaADCPriControlTableEntry)
                0x00000000                UDMACC26XX_dmaGPT0APriControlTableEntry_is_placed = 0x0

.dmaGPT0APriControlTableEntry
 *(.dmaGPT0APriControlTableEntry)
                0x00000000                UDMACC26XX_dmaSpi1RxControlTableEntry_is_placed = 0x0

.dmaSpi1RxControlTableEntry
 *(.dmaSpi1RxControlTableEntry)
                0x00000000                UDMACC26XX_dmaSpi1TxControlTableEntry_is_placed = 0x0

.dmaSpi1TxControlTableEntry
 *(.dmaSpi1TxControlTableEntry)
                0x00000000                UDMACC26XX_dmaADCAltControlTableEntry_is_placed = 0x0

.dmaADCAltControlTableEntry
 *(.dmaADCAltControlTableEntry)
                0x00000000                UDMACC26XX_dmaGPT0AAltControlTableEntry_is_placed = 0x0

.dmaGPT0AAltControlTableEntry
 *(.dmaGPT0AAltControlTableEntry)

.text           0x00000040     0x3260
 CREATE_OBJECT_SYMBOLS
 *(.text)
 .text          0x00000040        0x2 ./red_green.o
                0x00000040                lab_4
 *fill*         0x00000042        0x2 
 .text          0x00000044       0x30 c:/ti/ccs1250/ccs/tools/compiler/gcc-arm-none-eabi-9-2019-q4-major/bin/../lib/gcc/arm-none-eabi/9.2.1/thumb/v7-m/nofp\libgcc.a(_aeabi_uldivmod.o)
                0x00000044                __aeabi_uldivmod
 .text          0x00000074      0x2c4 c:/ti/ccs1250/ccs/tools/compiler/gcc-arm-none-eabi-9-2019-q4-major/bin/../lib/gcc/arm-none-eabi/9.2.1/thumb/v7-m/nofp\libgcc.a(_udivmoddi4.o)
                0x00000074                __udivmoddi4
 .text          0x00000338        0x4 c:/ti/ccs1250/ccs/tools/compiler/gcc-arm-none-eabi-9-2019-q4-major/bin/../lib/gcc/arm-none-eabi/9.2.1/thumb/v7-m/nofp\libgcc.a(_dvmd_tls.o)
                0x00000338                __aeabi_idiv0
                0x00000338                __aeabi_ldiv0
 *(.text.*)
 .text.CC1350_LAUNCHXL_433_initGeneral
                0x0000033c       0x24 ./CC1350_LAUNCHXL_433.o
                0x0000033c                CC1350_LAUNCHXL_433_initGeneral
 .text.Board_init
                0x00000360        0xc ./CC1350_LAUNCHXL_433.o
                0x00000360                Board_init
 .text.CC1350_LAUNCHXL_433_sendExtFlashByte
                0x0000036c       0x80 ./CC1350_LAUNCHXL_433_fxns.o
                0x0000036c                CC1350_LAUNCHXL_433_sendExtFlashByte
 .text.CC1350_LAUNCHXL_433_wakeUpExtFlash
                0x000003ec       0x58 ./CC1350_LAUNCHXL_433_fxns.o
                0x000003ec                CC1350_LAUNCHXL_433_wakeUpExtFlash
 .text.CC1350_LAUNCHXL_433_shutDownExtFlash
                0x00000444       0x50 ./CC1350_LAUNCHXL_433_fxns.o
                0x00000444                CC1350_LAUNCHXL_433_shutDownExtFlash
 .text.Board_initHook
                0x00000494        0xc ./CC1350_LAUNCHXL_433_fxns.o
                0x00000494                Board_initHook
 .text.main     0x000004a0        0xe ./main.o
                0x000004a0                main
 *fill*         0x000004ae        0x2 
 .text.PIN_swi  0x000004b0       0x40 C:/ti/simplelink_cc13x0_sdk_4_20_02_07/source\ti/drivers/lib/drivers_cc13x0.am3g(PINCC26XX.om3g)
 .text.PIN_hwi  0x000004f0       0x1c C:/ti/simplelink_cc13x0_sdk_4_20_02_07/source\ti/drivers/lib/drivers_cc13x0.am3g(PINCC26XX.om3g)
 .text.PINCC26XX_setIoCfg
                0x0000050c      0x14c C:/ti/simplelink_cc13x0_sdk_4_20_02_07/source\ti/drivers/lib/drivers_cc13x0.am3g(PINCC26XX.om3g)
 .text.PIN_init
                0x00000658      0x200 C:/ti/simplelink_cc13x0_sdk_4_20_02_07/source\ti/drivers/lib/drivers_cc13x0.am3g(PINCC26XX.om3g)
                0x00000658                PIN_init
 .text.PIN_remove
                0x00000858       0x6c C:/ti/simplelink_cc13x0_sdk_4_20_02_07/source\ti/drivers/lib/drivers_cc13x0.am3g(PINCC26XX.om3g)
                0x00000858                PIN_remove
 .text.PIN_close
                0x000008c4       0x20 C:/ti/simplelink_cc13x0_sdk_4_20_02_07/source\ti/drivers/lib/drivers_cc13x0.am3g(PINCC26XX.om3g)
                0x000008c4                PIN_close
 .text.PIN_setOutputValue
                0x000008e4       0x34 C:/ti/simplelink_cc13x0_sdk_4_20_02_07/source\ti/drivers/lib/drivers_cc13x0.am3g(PINCC26XX.om3g)
                0x000008e4                PIN_setOutputValue
 .text.PIN_setConfig
                0x00000918       0x34 C:/ti/simplelink_cc13x0_sdk_4_20_02_07/source\ti/drivers/lib/drivers_cc13x0.am3g(PINCC26XX.om3g)
                0x00000918                PIN_setConfig
 .text.PIN_open
                0x0000094c       0xa8 C:/ti/simplelink_cc13x0_sdk_4_20_02_07/source\ti/drivers/lib/drivers_cc13x0.am3g(PINCC26XX.om3g)
                0x0000094c                PIN_open
 .text.emptyClockFunc
                0x000009f4        0x4 C:/ti/simplelink_cc13x0_sdk_4_20_02_07/source\ti/drivers/lib/drivers_cc13x0.am3g(PowerCC26XX.om3g)
 .text.disableLfClkQualifiersEnableClkLoss
                0x000009f8       0x3c C:/ti/simplelink_cc13x0_sdk_4_20_02_07/source\ti/drivers/lib/drivers_cc13x0.am3g(PowerCC26XX.om3g)
 .text.nopResourceHandler
                0x00000a34        0x4 C:/ti/simplelink_cc13x0_sdk_4_20_02_07/source\ti/drivers/lib/drivers_cc13x0.am3g(PowerCC26XX.om3g)
 .text.notify   0x00000a38       0x30 C:/ti/simplelink_cc13x0_sdk_4_20_02_07/source\ti/drivers/lib/drivers_cc13x0.am3g(PowerCC26XX.om3g)
 .text.configureRFCoreClocks
                0x00000a68       0x14 C:/ti/simplelink_cc13x0_sdk_4_20_02_07/source\ti/drivers/lib/drivers_cc13x0.am3g(PowerCC26XX.om3g)
 .text.switchXOSCHFclockFunc
                0x00000a7c       0x98 C:/ti/simplelink_cc13x0_sdk_4_20_02_07/source\ti/drivers/lib/drivers_cc13x0.am3g(PowerCC26XX.om3g)
 .text.configureXOSCHF
                0x00000b14       0x5c C:/ti/simplelink_cc13x0_sdk_4_20_02_07/source\ti/drivers/lib/drivers_cc13x0.am3g(PowerCC26XX.om3g)
 .text.Power_disablePolicy
                0x00000b70       0x14 C:/ti/simplelink_cc13x0_sdk_4_20_02_07/source\ti/drivers/lib/drivers_cc13x0.am3g(PowerCC26XX.om3g)
                0x00000b70                Power_disablePolicy
 .text.Power_enablePolicy
                0x00000b84       0x10 C:/ti/simplelink_cc13x0_sdk_4_20_02_07/source\ti/drivers/lib/drivers_cc13x0.am3g(PowerCC26XX.om3g)
                0x00000b84                Power_enablePolicy
 .text.Power_getConstraintMask
                0x00000b94        0xc C:/ti/simplelink_cc13x0_sdk_4_20_02_07/source\ti/drivers/lib/drivers_cc13x0.am3g(PowerCC26XX.om3g)
                0x00000b94                Power_getConstraintMask
 .text.Power_getTransitionLatency
                0x00000ba0       0x20 C:/ti/simplelink_cc13x0_sdk_4_20_02_07/source\ti/drivers/lib/drivers_cc13x0.am3g(PowerCC26XX.om3g)
                0x00000ba0                Power_getTransitionLatency
 .text.Power_idleFunc
                0x00000bc0       0x18 C:/ti/simplelink_cc13x0_sdk_4_20_02_07/source\ti/drivers/lib/drivers_cc13x0.am3g(PowerCC26XX.om3g)
                0x00000bc0                Power_idleFunc
 .text.Power_releaseConstraint
                0x00000bd8       0x34 C:/ti/simplelink_cc13x0_sdk_4_20_02_07/source\ti/drivers/lib/drivers_cc13x0.am3g(PowerCC26XX.om3g)
                0x00000bd8                Power_releaseConstraint
 .text.lfClockReadyCallback
                0x00000c0c       0x6c C:/ti/simplelink_cc13x0_sdk_4_20_02_07/source\ti/drivers/lib/drivers_cc13x0.am3g(PowerCC26XX.om3g)
 .text.Power_releaseDependency
                0x00000c78       0xa8 C:/ti/simplelink_cc13x0_sdk_4_20_02_07/source\ti/drivers/lib/drivers_cc13x0.am3g(PowerCC26XX.om3g)
                0x00000c78                Power_releaseDependency
 .text.Power_setConstraint
                0x00000d20       0x30 C:/ti/simplelink_cc13x0_sdk_4_20_02_07/source\ti/drivers/lib/drivers_cc13x0.am3g(PowerCC26XX.om3g)
                0x00000d20                Power_setConstraint
 .text.Power_init
                0x00000d50      0x144 C:/ti/simplelink_cc13x0_sdk_4_20_02_07/source\ti/drivers/lib/drivers_cc13x0.am3g(PowerCC26XX.om3g)
                0x00000d50                Power_init
 .text.Power_setDependency
                0x00000e94       0xb0 C:/ti/simplelink_cc13x0_sdk_4_20_02_07/source\ti/drivers/lib/drivers_cc13x0.am3g(PowerCC26XX.om3g)
                0x00000e94                Power_setDependency
 .text.Power_sleep
                0x00000f44      0x250 C:/ti/simplelink_cc13x0_sdk_4_20_02_07/source\ti/drivers/lib/drivers_cc13x0.am3g(PowerCC26XX.om3g)
                0x00000f44                Power_sleep
 .text.PowerCC26XX_calibrate
                0x00001194       0x68 C:/ti/simplelink_cc13x0_sdk_4_20_02_07/source\ti/drivers/lib/drivers_cc13x0.am3g(PowerCC26XX.om3g)
                0x00001194                PowerCC26XX_calibrate
 .text.PowerCC26XX_initiateCalibration
                0x000011fc       0x74 C:/ti/simplelink_cc13x0_sdk_4_20_02_07/source\ti/drivers/lib/drivers_cc13x0.am3g(PowerCC26XX_calibrateRCOSC.om3g)
                0x000011fc                PowerCC26XX_initiateCalibration
 .text.PowerCC26XX_doCalibrate
                0x00001270      0x1e8 C:/ti/simplelink_cc13x0_sdk_4_20_02_07/source\ti/drivers/lib/drivers_cc13x0.am3g(PowerCC26XX_calibrateRCOSC.om3g)
                0x00001270                PowerCC26XX_doCalibrate
 .text.PowerCC26XX_auxISR
                0x00001458      0x2f4 C:/ti/simplelink_cc13x0_sdk_4_20_02_07/source\ti/drivers/lib/drivers_cc13x0.am3g(PowerCC26XX_calibrateRCOSC.om3g)
                0x00001458                PowerCC26XX_auxISR
 .text.PowerCC26XX_RCOSC_clockFunc
                0x0000174c       0x64 C:/ti/simplelink_cc13x0_sdk_4_20_02_07/source\ti/drivers/lib/drivers_cc13x0.am3g(PowerCC26XX_calibrateRCOSC.om3g)
                0x0000174c                PowerCC26XX_RCOSC_clockFunc
 .text.clkFxn   0x000017b0        0x4 C:/ti/simplelink_cc13x0_sdk_4_20_02_07/kernel/nortos\lib/nortos_cc13x0.am3g(SemaphoreP_nortos.om3g)
                0x000017b0                clkFxn
 .text.SemaphoreP_construct
                0x000017b4       0x5c C:/ti/simplelink_cc13x0_sdk_4_20_02_07/kernel/nortos\lib/nortos_cc13x0.am3g(SemaphoreP_nortos.om3g)
                0x000017b4                SemaphoreP_construct
 .text.SemaphoreP_constructBinary
                0x00001810       0x2c C:/ti/simplelink_cc13x0_sdk_4_20_02_07/kernel/nortos\lib/nortos_cc13x0.am3g(SemaphoreP_nortos.om3g)
                0x00001810                SemaphoreP_constructBinary
 .text.SemaphoreP_pend
                0x0000183c       0xb4 C:/ti/simplelink_cc13x0_sdk_4_20_02_07/kernel/nortos\lib/nortos_cc13x0.am3g(SemaphoreP_nortos.om3g)
                0x0000183c                SemaphoreP_pend
 .text.SemaphoreP_post
                0x000018f0       0x4c C:/ti/simplelink_cc13x0_sdk_4_20_02_07/kernel/nortos\lib/nortos_cc13x0.am3g(SemaphoreP_nortos.om3g)
                0x000018f0                SemaphoreP_post
 .text.SwiP_construct.part.0
                0x0000193c      0x100 C:/ti/simplelink_cc13x0_sdk_4_20_02_07/kernel/nortos\lib/nortos_cc13x0.am3g(SwiP_nortos.om3g)
 .text.SwiP_Params_init
                0x00001a3c       0x10 C:/ti/simplelink_cc13x0_sdk_4_20_02_07/kernel/nortos\lib/nortos_cc13x0.am3g(SwiP_nortos.om3g)
                0x00001a3c                SwiP_Params_init
 .text.SwiP_construct
                0x00001a4c        0x8 C:/ti/simplelink_cc13x0_sdk_4_20_02_07/kernel/nortos\lib/nortos_cc13x0.am3g(SwiP_nortos.om3g)
                0x00001a4c                SwiP_construct
 .text.SwiP_disable
                0x00001a54       0x1c C:/ti/simplelink_cc13x0_sdk_4_20_02_07/kernel/nortos\lib/nortos_cc13x0.am3g(SwiP_nortos.om3g)
                0x00001a54                SwiP_disable
 .text.SwiP_dispatch
                0x00001a70       0xac C:/ti/simplelink_cc13x0_sdk_4_20_02_07/kernel/nortos\lib/nortos_cc13x0.am3g(SwiP_nortos.om3g)
                0x00001a70                SwiP_dispatch
 .text.SwiP_handleHwi
                0x00001b1c       0x18 C:/ti/simplelink_cc13x0_sdk_4_20_02_07/kernel/nortos\lib/nortos_cc13x0.am3g(SwiP_nortos.om3g)
 .text.SwiP_getTrigger
                0x00001b34        0xc C:/ti/simplelink_cc13x0_sdk_4_20_02_07/kernel/nortos\lib/nortos_cc13x0.am3g(SwiP_nortos.om3g)
                0x00001b34                SwiP_getTrigger
 .text.SwiP_post
                0x00001b40       0x70 C:/ti/simplelink_cc13x0_sdk_4_20_02_07/kernel/nortos\lib/nortos_cc13x0.am3g(SwiP_nortos.om3g)
                0x00001b40                SwiP_post
 .text.SwiP_or  0x00001bb0       0x20 C:/ti/simplelink_cc13x0_sdk_4_20_02_07/kernel/nortos\lib/nortos_cc13x0.am3g(SwiP_nortos.om3g)
                0x00001bb0                SwiP_or
 .text.SwiP_restore
                0x00001bd0       0x48 C:/ti/simplelink_cc13x0_sdk_4_20_02_07/kernel/nortos\lib/nortos_cc13x0.am3g(SwiP_nortos.om3g)
                0x00001bd0                SwiP_restore
 .text.ClockP_doTick
                0x00001c18        0xc C:/ti/simplelink_cc13x0_sdk_4_20_02_07/kernel/nortos\lib/nortos_cc13x0.am3g(ClockPTimer_nortos.om3g)
                0x00001c18                ClockP_doTick
 .text.ClockP_startup.part.1
                0x00001c24       0xa8 C:/ti/simplelink_cc13x0_sdk_4_20_02_07/kernel/nortos\lib/nortos_cc13x0.am3g(ClockPTimer_nortos.om3g)
 .text.ClockP_Params_init
                0x00001ccc       0x10 C:/ti/simplelink_cc13x0_sdk_4_20_02_07/kernel/nortos\lib/nortos_cc13x0.am3g(ClockPTimer_nortos.om3g)
                0x00001ccc                ClockP_Params_init
 .text.ClockP_startup
                0x00001cdc       0x10 C:/ti/simplelink_cc13x0_sdk_4_20_02_07/kernel/nortos\lib/nortos_cc13x0.am3g(ClockPTimer_nortos.om3g)
                0x00001cdc                ClockP_startup
 .text.ClockP_getTicks
                0x00001cec       0x24 C:/ti/simplelink_cc13x0_sdk_4_20_02_07/kernel/nortos\lib/nortos_cc13x0.am3g(ClockPTimer_nortos.om3g)
                0x00001cec                ClockP_getTicks
 .text.ClockP_getTicksUntilInterrupt
                0x00001d10       0x30 C:/ti/simplelink_cc13x0_sdk_4_20_02_07/kernel/nortos\lib/nortos_cc13x0.am3g(ClockPTimer_nortos.om3g)
                0x00001d10                ClockP_getTicksUntilInterrupt
 .text.ClockP_walkQueueDynamic
                0x00001d40       0x70 C:/ti/simplelink_cc13x0_sdk_4_20_02_07/kernel/nortos\lib/nortos_cc13x0.am3g(ClockPTimer_nortos.om3g)
                0x00001d40                ClockP_walkQueueDynamic
 .text.ClockP_workFuncDynamic
                0x00001db0       0xc0 C:/ti/simplelink_cc13x0_sdk_4_20_02_07/kernel/nortos\lib/nortos_cc13x0.am3g(ClockPTimer_nortos.om3g)
                0x00001db0                ClockP_workFuncDynamic
 .text.ClockP_add
                0x00001e70       0x1c C:/ti/simplelink_cc13x0_sdk_4_20_02_07/kernel/nortos\lib/nortos_cc13x0.am3g(ClockPTimer_nortos.om3g)
                0x00001e70                ClockP_add
 .text.ClockP_destruct
                0x00001e8c       0x1c C:/ti/simplelink_cc13x0_sdk_4_20_02_07/kernel/nortos\lib/nortos_cc13x0.am3g(ClockPTimer_nortos.om3g)
                0x00001e8c                ClockP_destruct
 .text.ClockP_start
                0x00001ea8       0x84 C:/ti/simplelink_cc13x0_sdk_4_20_02_07/kernel/nortos\lib/nortos_cc13x0.am3g(ClockPTimer_nortos.om3g)
                0x00001ea8                ClockP_start
 .text.ClockP_construct
                0x00001f2c       0x54 C:/ti/simplelink_cc13x0_sdk_4_20_02_07/kernel/nortos\lib/nortos_cc13x0.am3g(ClockPTimer_nortos.om3g)
                0x00001f2c                ClockP_construct
 .text.ClockP_stop
                0x00001f80        0x8 C:/ti/simplelink_cc13x0_sdk_4_20_02_07/kernel/nortos\lib/nortos_cc13x0.am3g(ClockPTimer_nortos.om3g)
                0x00001f80                ClockP_stop
 .text.ClockP_setTimeout
                0x00001f88        0x4 C:/ti/simplelink_cc13x0_sdk_4_20_02_07/kernel/nortos\lib/nortos_cc13x0.am3g(ClockPTimer_nortos.om3g)
                0x00001f88                ClockP_setTimeout
 .text.ClockP_isActive
                0x00001f8c        0x4 C:/ti/simplelink_cc13x0_sdk_4_20_02_07/kernel/nortos\lib/nortos_cc13x0.am3g(ClockPTimer_nortos.om3g)
                0x00001f8c                ClockP_isActive
 .text.TimerP_dynamicStub
                0x00001f90       0x18 C:/ti/simplelink_cc13x0_sdk_4_20_02_07/kernel/nortos\lib/nortos_cc13x0.am3g(TimerPCC26XX_nortos.om3g)
                0x00001f90                TimerP_dynamicStub
 .text.TimerP_Params_init
                0x00001fa8       0x10 C:/ti/simplelink_cc13x0_sdk_4_20_02_07/kernel/nortos\lib/nortos_cc13x0.am3g(TimerPCC26XX_nortos.om3g)
                0x00001fa8                TimerP_Params_init
 .text.TimerP_getMaxTicks
                0x00001fb8       0x24 C:/ti/simplelink_cc13x0_sdk_4_20_02_07/kernel/nortos\lib/nortos_cc13x0.am3g(TimerPCC26XX_nortos.om3g)
                0x00001fb8                TimerP_getMaxTicks
 .text.TimerP_setThreshold
                0x00001fdc       0x34 C:/ti/simplelink_cc13x0_sdk_4_20_02_07/kernel/nortos\lib/nortos_cc13x0.am3g(TimerPCC26XX_nortos.om3g)
                0x00001fdc                TimerP_setThreshold
 .text.TimerP_setNextTick
                0x00002010       0x30 C:/ti/simplelink_cc13x0_sdk_4_20_02_07/kernel/nortos\lib/nortos_cc13x0.am3g(TimerPCC26XX_nortos.om3g)
                0x00002010                TimerP_setNextTick
 .text.TimerP_start
                0x00002040       0x80 C:/ti/simplelink_cc13x0_sdk_4_20_02_07/kernel/nortos\lib/nortos_cc13x0.am3g(TimerPCC26XX_nortos.om3g)
                0x00002040                TimerP_start
 .text.TimerP_construct.part.0
                0x000020c0      0x100 C:/ti/simplelink_cc13x0_sdk_4_20_02_07/kernel/nortos\lib/nortos_cc13x0.am3g(TimerPCC26XX_nortos.om3g)
 .text.TimerP_construct
                0x000021c0       0x10 C:/ti/simplelink_cc13x0_sdk_4_20_02_07/kernel/nortos\lib/nortos_cc13x0.am3g(TimerPCC26XX_nortos.om3g)
                0x000021c0                TimerP_construct
 .text.TimerP_getFreq
                0x000021d0        0xc C:/ti/simplelink_cc13x0_sdk_4_20_02_07/kernel/nortos\lib/nortos_cc13x0.am3g(TimerPCC26XX_nortos.om3g)
                0x000021d0                TimerP_getFreq
 .text.TimerP_getCurrentTick
                0x000021dc       0x2c C:/ti/simplelink_cc13x0_sdk_4_20_02_07/kernel/nortos\lib/nortos_cc13x0.am3g(TimerPCC26XX_nortos.om3g)
                0x000021dc                TimerP_getCurrentTick
 .text.HwiP_dispatch
                0x00002208       0x1c C:/ti/simplelink_cc13x0_sdk_4_20_02_07/kernel/nortos\lib/nortos_cc13x0.am3g(HwiPCC26XX_nortos.om3g)
 .text.HwiP_disable
                0x00002224       0x10 C:/ti/simplelink_cc13x0_sdk_4_20_02_07/kernel/nortos\lib/nortos_cc13x0.am3g(HwiPCC26XX_nortos.om3g)
                0x00002224                HwiP_disable
 .text.HwiP_restore
                0x00002234        0x8 C:/ti/simplelink_cc13x0_sdk_4_20_02_07/kernel/nortos\lib/nortos_cc13x0.am3g(HwiPCC26XX_nortos.om3g)
                0x00002234                HwiP_restore
 .text.HwiP_construct
                0x0000223c       0x88 C:/ti/simplelink_cc13x0_sdk_4_20_02_07/kernel/nortos\lib/nortos_cc13x0.am3g(HwiPCC26XX_nortos.om3g)
                0x0000223c                HwiP_construct
 .text.HwiP_Params_init
                0x000022c4       0x14 C:/ti/simplelink_cc13x0_sdk_4_20_02_07/kernel/nortos\lib/nortos_cc13x0.am3g(HwiPCC26XX_nortos.om3g)
                0x000022c4                HwiP_Params_init
 .text.HwiP_post
                0x000022d8        0xc C:/ti/simplelink_cc13x0_sdk_4_20_02_07/kernel/nortos\lib/nortos_cc13x0.am3g(HwiPCC26XX_nortos.om3g)
                0x000022d8                HwiP_post
 .text.HwiP_inISR
                0x000022e4       0x14 C:/ti/simplelink_cc13x0_sdk_4_20_02_07/kernel/nortos\lib/nortos_cc13x0.am3g(HwiPCC26XX_nortos.om3g)
                0x000022e4                HwiP_inISR
 .text.PowerCC26XX_standbyPolicy
                0x000022f8      0x100 C:/ti/simplelink_cc13x0_sdk_4_20_02_07/kernel/nortos\lib/nortos_cc13x0.am3g(PowerCC26XX_nortos.om3g)
                0x000022f8                PowerCC26XX_standbyPolicy
 .text.PowerCC26XX_schedulerDisable
                0x000023f8       0x10 C:/ti/simplelink_cc13x0_sdk_4_20_02_07/kernel/nortos\lib/nortos_cc13x0.am3g(PowerCC26XX_nortos.om3g)
                0x000023f8                PowerCC26XX_schedulerDisable
 .text.PowerCC26XX_schedulerRestore
                0x00002408        0xc C:/ti/simplelink_cc13x0_sdk_4_20_02_07/kernel/nortos\lib/nortos_cc13x0.am3g(PowerCC26XX_nortos.om3g)
                0x00002408                PowerCC26XX_schedulerRestore
 .text.resetISR
                0x00002414       0x10 C:/ti/simplelink_cc13x0_sdk_4_20_02_07/kernel/nortos\lib/nortos_cc13x0.am3g(startup_cc13xx_cc26xx_gcc.om3g)
                0x00002414                resetISR
 .text.nmiISR   0x00002424        0x4 C:/ti/simplelink_cc13x0_sdk_4_20_02_07/kernel/nortos\lib/nortos_cc13x0.am3g(startup_cc13xx_cc26xx_gcc.om3g)
 .text.faultISR
                0x00002428        0x4 C:/ti/simplelink_cc13x0_sdk_4_20_02_07/kernel/nortos\lib/nortos_cc13x0.am3g(startup_cc13xx_cc26xx_gcc.om3g)
 .text.busFaultHandler
                0x0000242c        0x4 C:/ti/simplelink_cc13x0_sdk_4_20_02_07/kernel/nortos\lib/nortos_cc13x0.am3g(startup_cc13xx_cc26xx_gcc.om3g)
 .text.defaultHandler
                0x00002430        0x4 C:/ti/simplelink_cc13x0_sdk_4_20_02_07/kernel/nortos\lib/nortos_cc13x0.am3g(startup_cc13xx_cc26xx_gcc.om3g)
 .text.localProgramStart
                0x00002434       0x8c C:/ti/simplelink_cc13x0_sdk_4_20_02_07/kernel/nortos\lib/nortos_cc13x0.am3g(startup_cc13xx_cc26xx_gcc.om3g)
                0x00002434                localProgramStart
 .text._fini    0x000024c0        0x4 C:/ti/simplelink_cc13x0_sdk_4_20_02_07/kernel/nortos\lib/nortos_cc13x0.am3g(startup_cc13xx_cc26xx_gcc.om3g)
                0x000024c0                _fini
 .text.QueueP_init
                0x000024c4        0x8 C:/ti/simplelink_cc13x0_sdk_4_20_02_07/kernel/nortos\lib/nortos_cc13x0.am3g(QueueP_nortos.om3g)
                0x000024c4                QueueP_init
 .text.QueueP_empty
                0x000024cc        0xc C:/ti/simplelink_cc13x0_sdk_4_20_02_07/kernel/nortos\lib/nortos_cc13x0.am3g(QueueP_nortos.om3g)
                0x000024cc                QueueP_empty
 .text.QueueP_get
                0x000024d8       0x1c C:/ti/simplelink_cc13x0_sdk_4_20_02_07/kernel/nortos\lib/nortos_cc13x0.am3g(QueueP_nortos.om3g)
                0x000024d8                QueueP_get
 .text.QueueP_head
                0x000024f4        0x4 C:/ti/simplelink_cc13x0_sdk_4_20_02_07/kernel/nortos\lib/nortos_cc13x0.am3g(QueueP_nortos.om3g)
                0x000024f4                QueueP_head
 .text.QueueP_next
                0x000024f8        0x4 C:/ti/simplelink_cc13x0_sdk_4_20_02_07/kernel/nortos\lib/nortos_cc13x0.am3g(QueueP_nortos.om3g)
                0x000024f8                QueueP_next
 .text.QueueP_put
                0x000024fc       0x20 C:/ti/simplelink_cc13x0_sdk_4_20_02_07/kernel/nortos\lib/nortos_cc13x0.am3g(QueueP_nortos.om3g)
                0x000024fc                QueueP_put
 .text.QueueP_remove
                0x0000251c       0x10 C:/ti/simplelink_cc13x0_sdk_4_20_02_07/kernel/nortos\lib/nortos_cc13x0.am3g(QueueP_nortos.om3g)
                0x0000251c                QueueP_remove
 .text.NOROM_ChipInfo_GetPackageType
                0x0000252c       0x18 C:/ti/simplelink_cc13x0_sdk_4_20_02_07/source\ti/devices/cc13x0/driverlib/bin/gcc/driverlib.lib(chipinfo.o)
                0x0000252c                NOROM_ChipInfo_GetPackageType
 .text.NOROM_ChipInfo_GetChipFamily
                0x00002544       0x1c C:/ti/simplelink_cc13x0_sdk_4_20_02_07/source\ti/devices/cc13x0/driverlib/bin/gcc/driverlib.lib(chipinfo.o)
                0x00002544                NOROM_ChipInfo_GetChipFamily
 .text.NOROM_ChipInfo_GetChipType
                0x00002560       0x30 C:/ti/simplelink_cc13x0_sdk_4_20_02_07/source\ti/devices/cc13x0/driverlib/bin/gcc/driverlib.lib(chipinfo.o)
                0x00002560                NOROM_ChipInfo_GetChipType
 .text.NOROM_ChipInfo_GetHwRevision
                0x00002590       0x3c C:/ti/simplelink_cc13x0_sdk_4_20_02_07/source\ti/devices/cc13x0/driverlib/bin/gcc/driverlib.lib(chipinfo.o)
                0x00002590                NOROM_ChipInfo_GetHwRevision
 .text.NOROM_ThisLibraryIsFor_CC13x0_HwRev20AndLater_HaltIfViolated
                0x000025cc       0x16 C:/ti/simplelink_cc13x0_sdk_4_20_02_07/source\ti/devices/cc13x0/driverlib/bin/gcc/driverlib.lib(chipinfo.o)
                0x000025cc                NOROM_ThisLibraryIsFor_CC13x0_HwRev20AndLater_HaltIfViolated
 *fill*         0x000025e2        0x2 
 .text.TrimAfterColdResetWakeupFromShutDown
                0x000025e4       0xd0 C:/ti/simplelink_cc13x0_sdk_4_20_02_07/source\ti/devices/cc13x0/driverlib/bin/gcc/driverlib.lib(setup.o)
 .text.NOROM_SetupTrimDevice
                0x000026b4       0xa4 C:/ti/simplelink_cc13x0_sdk_4_20_02_07/source\ti/devices/cc13x0/driverlib/bin/gcc/driverlib.lib(setup.o)
                0x000026b4                NOROM_SetupTrimDevice
 .text.NOROM_SysCtrlSetRechargeBeforePowerDown
                0x00002758      0x210 C:/ti/simplelink_cc13x0_sdk_4_20_02_07/source\ti/devices/cc13x0/driverlib/bin/gcc/driverlib.lib(sys_ctrl.o)
                0x00002758                NOROM_SysCtrlSetRechargeBeforePowerDown
 .text.NOROM_SysCtrlAdjustRechargeAfterPowerDown
                0x00002968       0x6c C:/ti/simplelink_cc13x0_sdk_4_20_02_07/source\ti/devices/cc13x0/driverlib/bin/gcc/driverlib.lib(sys_ctrl.o)
                0x00002968                NOROM_SysCtrlAdjustRechargeAfterPowerDown
 .text.NOROM_SysCtrl_DCDC_VoltageConditionalControl
                0x000029d4       0x78 C:/ti/simplelink_cc13x0_sdk_4_20_02_07/source\ti/devices/cc13x0/driverlib/bin/gcc/driverlib.lib(sys_ctrl.o)
                0x000029d4                NOROM_SysCtrl_DCDC_VoltageConditionalControl
 .text.NOROM_CPUcpsid
                0x00002a4c        0x8 C:/ti/simplelink_cc13x0_sdk_4_20_02_07/source\ti/devices/cc13x0/driverlib/bin/gcc/driverlib.lib(cpu.o)
                0x00002a4c                NOROM_CPUcpsid
 .text.NOROM_CPUcpsie
                0x00002a54        0x8 C:/ti/simplelink_cc13x0_sdk_4_20_02_07/source\ti/devices/cc13x0/driverlib/bin/gcc/driverlib.lib(cpu.o)
                0x00002a54                NOROM_CPUcpsie
 .text.NOROM_CPUdelay
                0x00002a5c        0x6 C:/ti/simplelink_cc13x0_sdk_4_20_02_07/source\ti/devices/cc13x0/driverlib/bin/gcc/driverlib.lib(cpu.o)
                0x00002a5c                NOROM_CPUdelay
 *fill*         0x00002a62        0x2 
 .text.NOROM_AONRTCCurrentCompareValueGet
                0x00002a64       0x20 C:/ti/simplelink_cc13x0_sdk_4_20_02_07/source\ti/devices/cc13x0/driverlib/bin/gcc/driverlib.lib(aon_rtc.o)
                0x00002a64                NOROM_AONRTCCurrentCompareValueGet
 .text.NOROM_AONRTCCurrent64BitValueGet
                0x00002a84       0x1c C:/ti/simplelink_cc13x0_sdk_4_20_02_07/source\ti/devices/cc13x0/driverlib/bin/gcc/driverlib.lib(aon_rtc.o)
                0x00002a84                NOROM_AONRTCCurrent64BitValueGet
 .text.NOROM_SetupSetVddrLevel
                0x00002aa0       0x78 C:/ti/simplelink_cc13x0_sdk_4_20_02_07/source\ti/devices/cc13x0/driverlib/bin/gcc/driverlib.lib(setup_rom.o)
                0x00002aa0                NOROM_SetupSetVddrLevel
 .text.NOROM_SetupAfterColdResetWakeupFromShutDownCfg1
                0x00002b18       0xac C:/ti/simplelink_cc13x0_sdk_4_20_02_07/source\ti/devices/cc13x0/driverlib/bin/gcc/driverlib.lib(setup_rom.o)
                0x00002b18                NOROM_SetupAfterColdResetWakeupFromShutDownCfg1
 .text.NOROM_SetupGetTrimForAnabypassValue1
                0x00002bc4       0x5c C:/ti/simplelink_cc13x0_sdk_4_20_02_07/source\ti/devices/cc13x0/driverlib/bin/gcc/driverlib.lib(setup_rom.o)
                0x00002bc4                NOROM_SetupGetTrimForAnabypassValue1
 .text.NOROM_SetupGetTrimForRcOscLfRtuneCtuneTrim
                0x00002c20       0x18 C:/ti/simplelink_cc13x0_sdk_4_20_02_07/source\ti/devices/cc13x0/driverlib/bin/gcc/driverlib.lib(setup_rom.o)
                0x00002c20                NOROM_SetupGetTrimForRcOscLfRtuneCtuneTrim
 .text.NOROM_SetupGetTrimForAmpcompCtrl
                0x00002c38       0x54 C:/ti/simplelink_cc13x0_sdk_4_20_02_07/source\ti/devices/cc13x0/driverlib/bin/gcc/driverlib.lib(setup_rom.o)
                0x00002c38                NOROM_SetupGetTrimForAmpcompCtrl
 .text.NOROM_SetupGetTrimForDblrLoopFilterResetVoltage
                0x00002c8c       0x14 C:/ti/simplelink_cc13x0_sdk_4_20_02_07/source\ti/devices/cc13x0/driverlib/bin/gcc/driverlib.lib(setup_rom.o)
                0x00002c8c                NOROM_SetupGetTrimForDblrLoopFilterResetVoltage
 .text.NOROM_SetupGetTrimForAdcShModeEn
                0x00002ca0       0x14 C:/ti/simplelink_cc13x0_sdk_4_20_02_07/source\ti/devices/cc13x0/driverlib/bin/gcc/driverlib.lib(setup_rom.o)
                0x00002ca0                NOROM_SetupGetTrimForAdcShModeEn
 .text.NOROM_SetupGetTrimForAdcShVbufEn
                0x00002cb4       0x14 C:/ti/simplelink_cc13x0_sdk_4_20_02_07/source\ti/devices/cc13x0/driverlib/bin/gcc/driverlib.lib(setup_rom.o)
                0x00002cb4                NOROM_SetupGetTrimForAdcShVbufEn
 .text.NOROM_SetupGetTrimForXoscHfCtl
                0x00002cc8       0x28 C:/ti/simplelink_cc13x0_sdk_4_20_02_07/source\ti/devices/cc13x0/driverlib/bin/gcc/driverlib.lib(setup_rom.o)
                0x00002cc8                NOROM_SetupGetTrimForXoscHfCtl
 .text.NOROM_SetupGetTrimForXoscHfFastStart
                0x00002cf0       0x10 C:/ti/simplelink_cc13x0_sdk_4_20_02_07/source\ti/devices/cc13x0/driverlib/bin/gcc/driverlib.lib(setup_rom.o)
                0x00002cf0                NOROM_SetupGetTrimForXoscHfFastStart
 .text.NOROM_SetupGetTrimForRadcExtCfg
                0x00002d00       0x28 C:/ti/simplelink_cc13x0_sdk_4_20_02_07/source\ti/devices/cc13x0/driverlib/bin/gcc/driverlib.lib(setup_rom.o)
                0x00002d00                NOROM_SetupGetTrimForRadcExtCfg
 .text.NOROM_SetupGetTrimForRcOscLfIBiasTrim
                0x00002d28       0x14 C:/ti/simplelink_cc13x0_sdk_4_20_02_07/source\ti/devices/cc13x0/driverlib/bin/gcc/driverlib.lib(setup_rom.o)
                0x00002d28                NOROM_SetupGetTrimForRcOscLfIBiasTrim
 .text.NOROM_SetupGetTrimForXoscLfRegulatorAndCmirrwrRatio
                0x00002d3c       0x14 C:/ti/simplelink_cc13x0_sdk_4_20_02_07/source\ti/devices/cc13x0/driverlib/bin/gcc/driverlib.lib(setup_rom.o)
                0x00002d3c                NOROM_SetupGetTrimForXoscLfRegulatorAndCmirrwrRatio
 .text.NOROM_SetupAfterColdResetWakeupFromShutDownCfg2
                0x00002d50      0x124 C:/ti/simplelink_cc13x0_sdk_4_20_02_07/source\ti/devices/cc13x0/driverlib/bin/gcc/driverlib.lib(setup_rom.o)
                0x00002d50                NOROM_SetupAfterColdResetWakeupFromShutDownCfg2
 .text.NOROM_SetupSetCacheModeAccordingToCcfgSetting
                0x00002e74       0x6c C:/ti/simplelink_cc13x0_sdk_4_20_02_07/source\ti/devices/cc13x0/driverlib/bin/gcc/driverlib.lib(setup_rom.o)
                0x00002e74                NOROM_SetupSetCacheModeAccordingToCcfgSetting
 .text.NOROM_SetupSetAonRtcSubSecInc
                0x00002ee0       0x28 C:/ti/simplelink_cc13x0_sdk_4_20_02_07/source\ti/devices/cc13x0/driverlib/bin/gcc/driverlib.lib(setup_rom.o)
                0x00002ee0                NOROM_SetupSetAonRtcSubSecInc
 .text.NOROM_SetupAfterColdResetWakeupFromShutDownCfg3
                0x00002f08      0x14c C:/ti/simplelink_cc13x0_sdk_4_20_02_07/source\ti/devices/cc13x0/driverlib/bin/gcc/driverlib.lib(setup_rom.o)
                0x00002f08                NOROM_SetupAfterColdResetWakeupFromShutDownCfg3
 .text.NOROM_IntRegister
                0x00003054       0x34 C:/ti/simplelink_cc13x0_sdk_4_20_02_07/source\ti/devices/cc13x0/driverlib/bin/gcc/driverlib.lib(interrupt.o)
                0x00003054                NOROM_IntRegister
 .text.NOROM_OSCClockSourceSet
                0x00003088       0x5c C:/ti/simplelink_cc13x0_sdk_4_20_02_07/source\ti/devices/cc13x0/driverlib/bin/gcc/driverlib.lib(osc.o)
                0x00003088                NOROM_OSCClockSourceSet
 .text.NOROM_OSCClockSourceGet
                0x000030e4       0x2c C:/ti/simplelink_cc13x0_sdk_4_20_02_07/source\ti/devices/cc13x0/driverlib/bin/gcc/driverlib.lib(osc.o)
                0x000030e4                NOROM_OSCClockSourceGet
 .text.NOROM_OSCHF_TurnOnXosc
                0x00003110       0x18 C:/ti/simplelink_cc13x0_sdk_4_20_02_07/source\ti/devices/cc13x0/driverlib/bin/gcc/driverlib.lib(osc.o)
                0x00003110                NOROM_OSCHF_TurnOnXosc
 .text.NOROM_OSCHF_AttemptToSwitchToXosc
                0x00003128       0x64 C:/ti/simplelink_cc13x0_sdk_4_20_02_07/source\ti/devices/cc13x0/driverlib/bin/gcc/driverlib.lib(osc.o)
                0x00003128                NOROM_OSCHF_AttemptToSwitchToXosc
 .text.NOROM_OSCHF_SwitchToRcOscTurnOffXosc
                0x0000318c       0x34 C:/ti/simplelink_cc13x0_sdk_4_20_02_07/source\ti/devices/cc13x0/driverlib/bin/gcc/driverlib.lib(osc.o)
                0x0000318c                NOROM_OSCHF_SwitchToRcOscTurnOffXosc
 .text.NOROM_OSC_HPOSCRelativeFrequencyOffsetGet
                0x000031c0       0x3c C:/ti/simplelink_cc13x0_sdk_4_20_02_07/source\ti/devices/cc13x0/driverlib/bin/gcc/driverlib.lib(osc.o)
                0x000031c0                NOROM_OSC_HPOSCRelativeFrequencyOffsetGet
 .text.NOROM_OSC_HPOSCRelativeFrequencyOffsetToRFCoreFormatConvert
                0x000031fc        0xc C:/ti/simplelink_cc13x0_sdk_4_20_02_07/source\ti/devices/cc13x0/driverlib/bin/gcc/driverlib.lib(osc.o)
                0x000031fc                NOROM_OSC_HPOSCRelativeFrequencyOffsetToRFCoreFormatConvert
 .text.NOROM_AONBatMonTemperatureGetDegC
                0x00003208       0x30 C:/ti/simplelink_cc13x0_sdk_4_20_02_07/source\ti/devices/cc13x0/driverlib/bin/gcc/driverlib.lib(aon_batmon.o)
                0x00003208                NOROM_AONBatMonTemperatureGetDegC
 .text.SafeHapiVoid
                0x00003238       0x28 C:/ti/simplelink_cc13x0_sdk_4_20_02_07/source\ti/devices/cc13x0/driverlib/bin/gcc/driverlib.lib(adi.o)
                0x00003238                SafeHapiVoid
 .text.NOROM_VIMSModeGet
                0x00003260        0xe C:/ti/simplelink_cc13x0_sdk_4_20_02_07/source\ti/devices/cc13x0/driverlib/bin/gcc/driverlib.lib(vims.o)
                0x00003260                NOROM_VIMSModeGet
 *fill*         0x0000326e        0x2 
 .text.AuxAdiDdiSafeWrite.constprop.1
                0x00003270       0x28 C:/ti/simplelink_cc13x0_sdk_4_20_02_07/source\ti/devices/cc13x0/driverlib/bin/gcc/driverlib.lib(ddi.o)
 .text.NOROM_DDI32RegWrite
                0x00003298        0x8 C:/ti/simplelink_cc13x0_sdk_4_20_02_07/source\ti/devices/cc13x0/driverlib/bin/gcc/driverlib.lib(ddi.o)
                0x00003298                NOROM_DDI32RegWrite
                0x000032a0                . = ALIGN (0x4)
 *(.ctors)
                0x000032a0                . = ALIGN (0x4)
 *(.dtors)
                0x000032a0                . = ALIGN (0x4)
                0x000032a0                __init_array_start = .
 *(.init_array*)
                0x000032a0                __init_array_end = .
 *(.init)
 *(.fini*)
                [!provide]                PROVIDE (__etext = .)
                [!provide]                PROVIDE (_etext = .)
                [!provide]                PROVIDE (etext = .)

.glue_7         0x000032a0        0x0
 .glue_7        0x000032a0        0x0 linker stubs

.glue_7t        0x000032a0        0x0
 .glue_7t       0x000032a0        0x0 linker stubs

.vfp11_veneer   0x000032a0        0x0
 .vfp11_veneer  0x000032a0        0x0 linker stubs

.v4_bx          0x000032a0        0x0
 .v4_bx         0x000032a0        0x0 linker stubs

.iplt           0x000032a0        0x0
 .iplt          0x000032a0        0x0 ./CC1350_LAUNCHXL_433.o

.rodata         0x000032a0       0xcc
 *(.rodata)
 .rodata        0x000032a0       0x1c ./CC1350_LAUNCHXL_433_fxns.o
 *(.rodata.*)
 .rodata.BoardGpioInitTable
                0x000032bc       0x34 ./CC1350_LAUNCHXL_433.o
                0x000032bc                BoardGpioInitTable
 .rodata.PINCC26XX_hwAttrs
                0x000032f0        0x8 ./CC1350_LAUNCHXL_433.o
                0x000032f0                PINCC26XX_hwAttrs
 .rodata.PowerCC26XX_config
                0x000032f8       0x18 ./CC1350_LAUNCHXL_433.o
                0x000032f8                PowerCC26XX_config
 .rodata.resourceDB
                0x00003310       0x4c C:/ti/simplelink_cc13x0_sdk_4_20_02_07/source\ti/drivers/lib/drivers_cc13x0.am3g(PowerCC26XX.om3g)
                0x00003310                resourceDB
 .rodata.SwiP_defaultParams
                0x0000335c       0x10 C:/ti/simplelink_cc13x0_sdk_4_20_02_07/kernel/nortos\lib/nortos_cc13x0.am3g(SwiP_nortos.om3g)

.data           0x20000000      0x130 load address 0x0000336c
                0x0000336c                __data_load__ = LOADADDR (.data)
                0x20000000                __data_start__ = .
 *(.data)
 *(.data.*)
 .data.PowerCC26XX_module
                0x20000000      0x114 C:/ti/simplelink_cc13x0_sdk_4_20_02_07/source\ti/drivers/lib/drivers_cc13x0.am3g(PowerCC26XX.om3g)
                0x20000000                PowerCC26XX_module
 .data.SemaphoreP_defaultParams
                0x20000114        0x8 C:/ti/simplelink_cc13x0_sdk_4_20_02_07/kernel/nortos\lib/nortos_cc13x0.am3g(SemaphoreP_nortos.om3g)
                0x20000114                SemaphoreP_defaultParams
 .data.ClockP_tickPeriod
                0x2000011c        0x4 C:/ti/simplelink_cc13x0_sdk_4_20_02_07/kernel/nortos\lib/nortos_cc13x0.am3g(ClockPTimer_nortos.om3g)
                0x2000011c                ClockP_tickPeriod
 .data.TimerP_defaultParams
                0x20000120        0xc C:/ti/simplelink_cc13x0_sdk_4_20_02_07/kernel/nortos\lib/nortos_cc13x0.am3g(TimerPCC26XX_nortos.om3g)
 .data.HwiP_swiPIntNum
                0x2000012c        0x4 C:/ti/simplelink_cc13x0_sdk_4_20_02_07/kernel/nortos\lib/nortos_cc13x0.am3g(HwiPCC26XX_nortos.om3g)
                0x2000012c                HwiP_swiPIntNum
                0x20000130                . = ALIGN (0x4)
                0x20000130                __data_end__ = .

.igot.plt       0x20000130        0x0 load address 0x0000349c
 .igot.plt      0x20000130        0x0 ./CC1350_LAUNCHXL_433.o

vtable_ram      0x20000200       0xc8 load address 0x0000349c
 vtable_ram     0x20000200       0xc8 C:/ti/simplelink_cc13x0_sdk_4_20_02_07/source\ti/devices/cc13x0/driverlib/bin/gcc/driverlib.lib(interrupt.o)

.ARM.exidx      0x00003564        0x8
                0x00003564                __exidx_start = .
 *(.ARM.exidx* .gnu.linkonce.armexidx.*)
 .ARM.exidx     0x00003564        0x8 c:/ti/ccs1250/ccs/tools/compiler/gcc-arm-none-eabi-9-2019-q4-major/bin/../lib/gcc/arm-none-eabi/9.2.1/thumb/v7-m/nofp\libgcc.a(_udivmoddi4.o)
                0x0000356c                __exidx_end = .

.ARM.extab
 *(.ARM.extab* .gnu.linkonce.armextab.*)

.nvs
 *(.nvs)

.ccfg           0x0001ffa8       0x58
 *(.ccfg)
 .ccfg          0x0001ffa8       0x58 ./ccfg.o
                0x0001ffa8                __ccfg

.rel.dyn        0x00020000        0x0
 .rel.iplt      0x00020000        0x0 ./CC1350_LAUNCHXL_433.o

.bss            0x200002c8      0x338
                0x200002c8                __bss_start__ = .
 *(.shbss)
 *(.bss)
 *(.bss.*)
 .bss.defaultPinConfig
                0x200002c8        0x4 C:/ti/simplelink_cc13x0_sdk_4_20_02_07/source\ti/drivers/lib/drivers_cc13x0.am3g(PINCC26XX.om3g)
 .bss.pinGpioConfigTable
                0x200002cc       0x1f C:/ti/simplelink_cc13x0_sdk_4_20_02_07/source\ti/drivers/lib/drivers_cc13x0.am3g(PINCC26XX.om3g)
 *fill*         0x200002eb        0x1 
 .bss.pinHwi    0x200002ec       0x1c C:/ti/simplelink_cc13x0_sdk_4_20_02_07/source\ti/drivers/lib/drivers_cc13x0.am3g(PINCC26XX.om3g)
 .bss.pinLowerBound
                0x20000308        0x4 C:/ti/simplelink_cc13x0_sdk_4_20_02_07/source\ti/drivers/lib/drivers_cc13x0.am3g(PINCC26XX.om3g)
                0x20000308                pinLowerBound
 .bss.pinSemaphore
                0x2000030c       0x1c C:/ti/simplelink_cc13x0_sdk_4_20_02_07/source\ti/drivers/lib/drivers_cc13x0.am3g(PINCC26XX.om3g)
 .bss.pinSwi    0x20000328       0x34 C:/ti/simplelink_cc13x0_sdk_4_20_02_07/source\ti/drivers/lib/drivers_cc13x0.am3g(PINCC26XX.om3g)
 .bss.pinUpperBound
                0x2000035c        0x4 C:/ti/simplelink_cc13x0_sdk_4_20_02_07/source\ti/drivers/lib/drivers_cc13x0.am3g(PINCC26XX.om3g)
                0x2000035c                pinUpperBound
 .bss.SemaphoreP_initialized
                0x20000360        0x1 C:/ti/simplelink_cc13x0_sdk_4_20_02_07/kernel/nortos\lib/nortos_cc13x0.am3g(SemaphoreP_nortos.om3g)
 .bss.doEnablePolicy
                0x20000361        0x1 C:/ti/simplelink_cc13x0_sdk_4_20_02_07/kernel/nortos\lib/nortos_cc13x0.am3g(SemaphoreP_nortos.om3g)
 .bss.pendInProgress
                0x20000362        0x1 C:/ti/simplelink_cc13x0_sdk_4_20_02_07/kernel/nortos\lib/nortos_cc13x0.am3g(SemaphoreP_nortos.om3g)
 *fill*         0x20000363        0x1 
 .bss.SwiP_currentTrigger
                0x20000364        0x4 C:/ti/simplelink_cc13x0_sdk_4_20_02_07/kernel/nortos\lib/nortos_cc13x0.am3g(SwiP_nortos.om3g)
 .bss.SwiP_hwiStruct
                0x20000368       0x1c C:/ti/simplelink_cc13x0_sdk_4_20_02_07/kernel/nortos\lib/nortos_cc13x0.am3g(SwiP_nortos.om3g)
 .bss.SwiP_initialized
                0x20000384        0x1 C:/ti/simplelink_cc13x0_sdk_4_20_02_07/kernel/nortos\lib/nortos_cc13x0.am3g(SwiP_nortos.om3g)
 *fill*         0x20000385        0x3 
 .bss.SwiP_lockState
                0x20000388        0x4 C:/ti/simplelink_cc13x0_sdk_4_20_02_07/kernel/nortos\lib/nortos_cc13x0.am3g(SwiP_nortos.om3g)
 .bss.SwiP_readyList
                0x2000038c       0x20 C:/ti/simplelink_cc13x0_sdk_4_20_02_07/kernel/nortos\lib/nortos_cc13x0.am3g(SwiP_nortos.om3g)
 .bss.SwiP_readyMask
                0x200003ac        0x4 C:/ti/simplelink_cc13x0_sdk_4_20_02_07/kernel/nortos\lib/nortos_cc13x0.am3g(SwiP_nortos.om3g)
 .bss.SwiP_schedulerRunning
                0x200003b0        0x1 C:/ti/simplelink_cc13x0_sdk_4_20_02_07/kernel/nortos\lib/nortos_cc13x0.am3g(SwiP_nortos.om3g)
 *fill*         0x200003b1        0x3 
 .bss.ClockP_defaultParams
                0x200003b4        0xc C:/ti/simplelink_cc13x0_sdk_4_20_02_07/kernel/nortos\lib/nortos_cc13x0.am3g(ClockPTimer_nortos.om3g)
 .bss.ClockP_initialized
                0x200003c0        0x1 C:/ti/simplelink_cc13x0_sdk_4_20_02_07/kernel/nortos\lib/nortos_cc13x0.am3g(ClockPTimer_nortos.om3g)
 *fill*         0x200003c1        0x7 
 .bss.ClockP_module
                0x200003c8       0xa0 C:/ti/simplelink_cc13x0_sdk_4_20_02_07/kernel/nortos\lib/nortos_cc13x0.am3g(ClockPTimer_nortos.om3g)
 .bss.timerFreq
                0x20000468        0x8 C:/ti/simplelink_cc13x0_sdk_4_20_02_07/kernel/nortos\lib/nortos_cc13x0.am3g(ClockPTimer_nortos.om3g)
 .bss.usecsPerTimerTick
                0x20000470        0x4 C:/ti/simplelink_cc13x0_sdk_4_20_02_07/kernel/nortos\lib/nortos_cc13x0.am3g(ClockPTimer_nortos.om3g)
 .bss.TimerP_handle
                0x20000474        0x4 C:/ti/simplelink_cc13x0_sdk_4_20_02_07/kernel/nortos\lib/nortos_cc13x0.am3g(TimerPCC26XX_nortos.om3g)
 .bss.TimerP_hwiStruct
                0x20000478       0x1c C:/ti/simplelink_cc13x0_sdk_4_20_02_07/kernel/nortos\lib/nortos_cc13x0.am3g(TimerPCC26XX_nortos.om3g)
 .bss.TimerP_initialized
                0x20000494        0x1 C:/ti/simplelink_cc13x0_sdk_4_20_02_07/kernel/nortos\lib/nortos_cc13x0.am3g(TimerPCC26XX_nortos.om3g)
 *fill*         0x20000495        0x3 
 .bss.HwiP_dispatchTable
                0x20000498       0xc8 C:/ti/simplelink_cc13x0_sdk_4_20_02_07/kernel/nortos\lib/nortos_cc13x0.am3g(HwiPCC26XX_nortos.om3g)
 .bss.PowerCC26XX_swiKey
                0x20000560        0x4 C:/ti/simplelink_cc13x0_sdk_4_20_02_07/kernel/nortos\lib/nortos_cc13x0.am3g(PowerCC26XX_nortos.om3g)
 .bss.powerQualGlobals
                0x20000564        0x8 C:/ti/simplelink_cc13x0_sdk_4_20_02_07/source\ti/devices/cc13x0/driverlib/bin/gcc/driverlib.lib(sys_ctrl.o)
 .bss.oscHfGlobals
                0x2000056c       0x14 C:/ti/simplelink_cc13x0_sdk_4_20_02_07/source\ti/devices/cc13x0/driverlib/bin/gcc/driverlib.lib(osc.o)
 *(COMMON)
 COMMON         0x20000580       0x7c C:/ti/simplelink_cc13x0_sdk_4_20_02_07/source\ti/drivers/lib/drivers_cc13x0.am3g(PINCC26XX.om3g)
                0x20000580                pinHandleTable
 COMMON         0x200005fc        0x1 C:/ti/simplelink_cc13x0_sdk_4_20_02_07/source\ti/devices/cc13x0/driverlib/bin/gcc/driverlib.lib(driverlib_release.o)
                0x200005fc                driverlib_release_0_3_05_20_00001
                0x20000600                . = ALIGN (0x4)
 *fill*         0x200005fd        0x3 
                0x20000600                __bss_end__ = .

.heap           0x20000600      0x100
                0x20000600                __heap_start__ = .
                0x20000600                end = __heap_start__
                0x20000600                _end = end
                0x20000600                __end = end
                0x20000700                . = (. + HEAPSIZE)
 *fill*         0x20000600      0x100 
 *(.heap)
                0x20000700                __heap_end__ = .
                0x20000700                __HeapLimit = __heap_end__

.stack          0x20000700      0x400
                0x20000700                _stack = .
                0x20000700                __stack = .
 *(.stack)
                0x20000b00                . = (. + STACKSIZE)
 *fill*         0x20000700      0x400 
                0x20000b00                _stack_end = .
                0x20000b00                __stack_end = .
LOAD C:/ti/simplelink_cc13x0_sdk_4_20_02_07/source\ti/display/lib/display.am3g
LOAD C:/ti/simplelink_cc13x0_sdk_4_20_02_07/source\ti/grlib/lib/gcc/m3/grlib.a
LOAD C:/ti/simplelink_cc13x0_sdk_4_20_02_07/source\third_party/spiffs/lib/gcc/m3/spiffs_cc26xx.a
LOAD C:/ti/simplelink_cc13x0_sdk_4_20_02_07/source\ti/drivers/rf/lib/rf_multiMode_cc13x0.am3g
LOAD C:/ti/simplelink_cc13x0_sdk_4_20_02_07/source\ti/drivers/lib/drivers_cc13x0.am3g
LOAD C:/ti/simplelink_cc13x0_sdk_4_20_02_07/kernel/nortos\lib/nortos_cc13x0.am3g
LOAD C:/ti/simplelink_cc13x0_sdk_4_20_02_07/source\ti/devices/cc13x0/driverlib/bin/gcc/driverlib.lib
LOAD c:/ti/ccs1250/ccs/tools/compiler/gcc-arm-none-eabi-9-2019-q4-major/bin/../lib/gcc/arm-none-eabi/9.2.1/thumb/v7-m/nofp\libgcc.a
LOAD C:/ti/ccs1250/ccs/tools/compiler/gcc-arm-none-eabi-9-2019-q4-major/arm-none-eabi/lib\libc_nano.a
LOAD C:/ti/ccs1250/ccs/tools/compiler/gcc-arm-none-eabi-9-2019-q4-major/arm-none-eabi/lib\libm.a
LOAD C:/ti/ccs1250/ccs/tools/compiler/gcc-arm-none-eabi-9-2019-q4-major/arm-none-eabi/lib\libnosys.a
START GROUP
LOAD c:/ti/ccs1250/ccs/tools/compiler/gcc-arm-none-eabi-9-2019-q4-major/bin/../lib/gcc/arm-none-eabi/9.2.1/thumb/v7-m/nofp\libgcc.a
LOAD C:/ti/ccs1250/ccs/tools/compiler/gcc-arm-none-eabi-9-2019-q4-major/arm-none-eabi/lib\libg_nano.a
LOAD C:/ti/ccs1250/ccs/tools/compiler/gcc-arm-none-eabi-9-2019-q4-major/arm-none-eabi/lib\libc_nano.a
END GROUP
START GROUP
LOAD c:/ti/ccs1250/ccs/tools/compiler/gcc-arm-none-eabi-9-2019-q4-major/bin/../lib/gcc/arm-none-eabi/9.2.1/thumb/v7-m/nofp\libgcc.a
LOAD C:/ti/ccs1250/ccs/tools/compiler/gcc-arm-none-eabi-9-2019-q4-major/arm-none-eabi/lib\libc_nano.a
END GROUP
OUTPUT(Lab_4_GPIO_LAUNCHPAD_CC1350.out elf32-littlearm)

.debug_info     0x00000000    0x1a27d
 .debug_info    0x00000000     0x872c ./CC1350_LAUNCHXL_433.o
 .debug_info    0x0000872c     0x1944 ./CC1350_LAUNCHXL_433_fxns.o
 .debug_info    0x0000a070      0x1d2 ./ccfg.o
 .debug_info    0x0000a242       0x84 ./main.o
 .debug_info    0x0000a2c6       0x26 ./red_green.o
 .debug_info    0x0000a2ec     0x1398 C:/ti/simplelink_cc13x0_sdk_4_20_02_07/source\ti/drivers/lib/drivers_cc13x0.am3g(PINCC26XX.om3g)
 .debug_info    0x0000b684     0x26a5 C:/ti/simplelink_cc13x0_sdk_4_20_02_07/source\ti/drivers/lib/drivers_cc13x0.am3g(PowerCC26XX.om3g)
 .debug_info    0x0000dd29      0xbd9 C:/ti/simplelink_cc13x0_sdk_4_20_02_07/source\ti/drivers/lib/drivers_cc13x0.am3g(PowerCC26XX_calibrateRCOSC.om3g)
 .debug_info    0x0000e902     0x113f C:/ti/simplelink_cc13x0_sdk_4_20_02_07/kernel/nortos\lib/nortos_cc13x0.am3g(SemaphoreP_nortos.om3g)
 .debug_info    0x0000fa41     0x1558 C:/ti/simplelink_cc13x0_sdk_4_20_02_07/kernel/nortos\lib/nortos_cc13x0.am3g(SwiP_nortos.om3g)
 .debug_info    0x00010f99     0x1ba5 C:/ti/simplelink_cc13x0_sdk_4_20_02_07/kernel/nortos\lib/nortos_cc13x0.am3g(ClockPTimer_nortos.om3g)
 .debug_info    0x00012b3e     0x1492 C:/ti/simplelink_cc13x0_sdk_4_20_02_07/kernel/nortos\lib/nortos_cc13x0.am3g(TimerPCC26XX_nortos.om3g)
 .debug_info    0x00013fd0     0x152f C:/ti/simplelink_cc13x0_sdk_4_20_02_07/kernel/nortos\lib/nortos_cc13x0.am3g(HwiPCC26XX_nortos.om3g)
 .debug_info    0x000154ff      0xfa2 C:/ti/simplelink_cc13x0_sdk_4_20_02_07/kernel/nortos\lib/nortos_cc13x0.am3g(PowerCC26XX_nortos.om3g)
 .debug_info    0x000164a1      0xb13 C:/ti/simplelink_cc13x0_sdk_4_20_02_07/kernel/nortos\lib/nortos_cc13x0.am3g(startup_cc13xx_cc26xx_gcc.om3g)
 .debug_info    0x00016fb4      0x3fe C:/ti/simplelink_cc13x0_sdk_4_20_02_07/kernel/nortos\lib/nortos_cc13x0.am3g(QueueP_nortos.om3g)
 .debug_info    0x000173b2      0x407 C:/ti/simplelink_cc13x0_sdk_4_20_02_07/source\ti/devices/cc13x0/driverlib/bin/gcc/driverlib.lib(chipinfo.o)
 .debug_info    0x000177b9      0x209 C:/ti/simplelink_cc13x0_sdk_4_20_02_07/source\ti/devices/cc13x0/driverlib/bin/gcc/driverlib.lib(setup.o)
 .debug_info    0x000179c2      0x463 C:/ti/simplelink_cc13x0_sdk_4_20_02_07/source\ti/devices/cc13x0/driverlib/bin/gcc/driverlib.lib(sys_ctrl.o)
 .debug_info    0x00017e25      0x141 C:/ti/simplelink_cc13x0_sdk_4_20_02_07/source\ti/devices/cc13x0/driverlib/bin/gcc/driverlib.lib(cpu.o)
 .debug_info    0x00017f66       0x9c C:/ti/simplelink_cc13x0_sdk_4_20_02_07/source\ti/devices/cc13x0/driverlib/bin/gcc/driverlib.lib(driverlib_release.o)
 .debug_info    0x00018002      0x13a C:/ti/simplelink_cc13x0_sdk_4_20_02_07/source\ti/devices/cc13x0/driverlib/bin/gcc/driverlib.lib(aon_rtc.o)
 .debug_info    0x0001813c      0xbc6 C:/ti/simplelink_cc13x0_sdk_4_20_02_07/source\ti/devices/cc13x0/driverlib/bin/gcc/driverlib.lib(setup_rom.o)
 .debug_info    0x00018d02      0x34c C:/ti/simplelink_cc13x0_sdk_4_20_02_07/source\ti/devices/cc13x0/driverlib/bin/gcc/driverlib.lib(interrupt.o)
 .debug_info    0x0001904e      0x8f6 C:/ti/simplelink_cc13x0_sdk_4_20_02_07/source\ti/devices/cc13x0/driverlib/bin/gcc/driverlib.lib(osc.o)
 .debug_info    0x00019944       0xdb C:/ti/simplelink_cc13x0_sdk_4_20_02_07/source\ti/devices/cc13x0/driverlib/bin/gcc/driverlib.lib(aon_batmon.o)
 .debug_info    0x00019a1f      0x178 C:/ti/simplelink_cc13x0_sdk_4_20_02_07/source\ti/devices/cc13x0/driverlib/bin/gcc/driverlib.lib(adi.o)
 .debug_info    0x00019b97      0x1dd C:/ti/simplelink_cc13x0_sdk_4_20_02_07/source\ti/devices/cc13x0/driverlib/bin/gcc/driverlib.lib(vims.o)
 .debug_info    0x00019d74      0x509 C:/ti/simplelink_cc13x0_sdk_4_20_02_07/source\ti/devices/cc13x0/driverlib/bin/gcc/driverlib.lib(ddi.o)

.debug_abbrev   0x00000000     0x3ecb
 .debug_abbrev  0x00000000      0x2e8 ./CC1350_LAUNCHXL_433.o
 .debug_abbrev  0x000002e8      0x2a3 ./CC1350_LAUNCHXL_433_fxns.o
 .debug_abbrev  0x0000058b       0x7e ./ccfg.o
 .debug_abbrev  0x00000609       0x43 ./main.o
 .debug_abbrev  0x0000064c       0x14 ./red_green.o
 .debug_abbrev  0x00000660      0x43f C:/ti/simplelink_cc13x0_sdk_4_20_02_07/source\ti/drivers/lib/drivers_cc13x0.am3g(PINCC26XX.om3g)
 .debug_abbrev  0x00000a9f      0x5fe C:/ti/simplelink_cc13x0_sdk_4_20_02_07/source\ti/drivers/lib/drivers_cc13x0.am3g(PowerCC26XX.om3g)
 .debug_abbrev  0x0000109d      0x2e4 C:/ti/simplelink_cc13x0_sdk_4_20_02_07/source\ti/drivers/lib/drivers_cc13x0.am3g(PowerCC26XX_calibrateRCOSC.om3g)
 .debug_abbrev  0x00001381      0x3b4 C:/ti/simplelink_cc13x0_sdk_4_20_02_07/kernel/nortos\lib/nortos_cc13x0.am3g(SemaphoreP_nortos.om3g)
 .debug_abbrev  0x00001735      0x438 C:/ti/simplelink_cc13x0_sdk_4_20_02_07/kernel/nortos\lib/nortos_cc13x0.am3g(SwiP_nortos.om3g)
 .debug_abbrev  0x00001b6d      0x463 C:/ti/simplelink_cc13x0_sdk_4_20_02_07/kernel/nortos\lib/nortos_cc13x0.am3g(ClockPTimer_nortos.om3g)
 .debug_abbrev  0x00001fd0      0x4b0 C:/ti/simplelink_cc13x0_sdk_4_20_02_07/kernel/nortos\lib/nortos_cc13x0.am3g(TimerPCC26XX_nortos.om3g)
 .debug_abbrev  0x00002480      0x42e C:/ti/simplelink_cc13x0_sdk_4_20_02_07/kernel/nortos\lib/nortos_cc13x0.am3g(HwiPCC26XX_nortos.om3g)
 .debug_abbrev  0x000028ae      0x29a C:/ti/simplelink_cc13x0_sdk_4_20_02_07/kernel/nortos\lib/nortos_cc13x0.am3g(PowerCC26XX_nortos.om3g)
 .debug_abbrev  0x00002b48      0x289 C:/ti/simplelink_cc13x0_sdk_4_20_02_07/kernel/nortos\lib/nortos_cc13x0.am3g(startup_cc13xx_cc26xx_gcc.om3g)
 .debug_abbrev  0x00002dd1      0x15b C:/ti/simplelink_cc13x0_sdk_4_20_02_07/kernel/nortos\lib/nortos_cc13x0.am3g(QueueP_nortos.om3g)
 .debug_abbrev  0x00002f2c      0x17f C:/ti/simplelink_cc13x0_sdk_4_20_02_07/source\ti/devices/cc13x0/driverlib/bin/gcc/driverlib.lib(chipinfo.o)
 .debug_abbrev  0x000030ab      0x128 C:/ti/simplelink_cc13x0_sdk_4_20_02_07/source\ti/devices/cc13x0/driverlib/bin/gcc/driverlib.lib(setup.o)
 .debug_abbrev  0x000031d3      0x19a C:/ti/simplelink_cc13x0_sdk_4_20_02_07/source\ti/devices/cc13x0/driverlib/bin/gcc/driverlib.lib(sys_ctrl.o)
 .debug_abbrev  0x0000336d       0xd0 C:/ti/simplelink_cc13x0_sdk_4_20_02_07/source\ti/devices/cc13x0/driverlib/bin/gcc/driverlib.lib(cpu.o)
 .debug_abbrev  0x0000343d       0x5f C:/ti/simplelink_cc13x0_sdk_4_20_02_07/source\ti/devices/cc13x0/driverlib/bin/gcc/driverlib.lib(driverlib_release.o)
 .debug_abbrev  0x0000349c       0xc4 C:/ti/simplelink_cc13x0_sdk_4_20_02_07/source\ti/devices/cc13x0/driverlib/bin/gcc/driverlib.lib(aon_rtc.o)
 .debug_abbrev  0x00003560      0x23b C:/ti/simplelink_cc13x0_sdk_4_20_02_07/source\ti/devices/cc13x0/driverlib/bin/gcc/driverlib.lib(setup_rom.o)
 .debug_abbrev  0x0000379b      0x14e C:/ti/simplelink_cc13x0_sdk_4_20_02_07/source\ti/devices/cc13x0/driverlib/bin/gcc/driverlib.lib(interrupt.o)
 .debug_abbrev  0x000038e9      0x261 C:/ti/simplelink_cc13x0_sdk_4_20_02_07/source\ti/devices/cc13x0/driverlib/bin/gcc/driverlib.lib(osc.o)
 .debug_abbrev  0x00003b4a       0x60 C:/ti/simplelink_cc13x0_sdk_4_20_02_07/source\ti/devices/cc13x0/driverlib/bin/gcc/driverlib.lib(aon_batmon.o)
 .debug_abbrev  0x00003baa       0xea C:/ti/simplelink_cc13x0_sdk_4_20_02_07/source\ti/devices/cc13x0/driverlib/bin/gcc/driverlib.lib(adi.o)
 .debug_abbrev  0x00003c94       0xe5 C:/ti/simplelink_cc13x0_sdk_4_20_02_07/source\ti/devices/cc13x0/driverlib/bin/gcc/driverlib.lib(vims.o)
 .debug_abbrev  0x00003d79      0x152 C:/ti/simplelink_cc13x0_sdk_4_20_02_07/source\ti/devices/cc13x0/driverlib/bin/gcc/driverlib.lib(ddi.o)

.debug_aranges  0x00000000      0xaf8
 .debug_aranges
                0x00000000       0x28 ./CC1350_LAUNCHXL_433.o
 .debug_aranges
                0x00000028       0x48 ./CC1350_LAUNCHXL_433_fxns.o
 .debug_aranges
                0x00000070       0x18 ./ccfg.o
 .debug_aranges
                0x00000088       0x20 ./main.o
 .debug_aranges
                0x000000a8       0x20 ./red_green.o
 .debug_aranges
                0x000000c8       0xf0 C:/ti/simplelink_cc13x0_sdk_4_20_02_07/source\ti/drivers/lib/drivers_cc13x0.am3g(PINCC26XX.om3g)
 .debug_aranges
                0x000001b8      0x120 C:/ti/simplelink_cc13x0_sdk_4_20_02_07/source\ti/drivers/lib/drivers_cc13x0.am3g(PowerCC26XX.om3g)
 .debug_aranges
                0x000002d8       0x38 C:/ti/simplelink_cc13x0_sdk_4_20_02_07/source\ti/drivers/lib/drivers_cc13x0.am3g(PowerCC26XX_calibrateRCOSC.om3g)
 .debug_aranges
                0x00000310       0x78 C:/ti/simplelink_cc13x0_sdk_4_20_02_07/kernel/nortos\lib/nortos_cc13x0.am3g(SemaphoreP_nortos.om3g)
 .debug_aranges
                0x00000388       0xb0 C:/ti/simplelink_cc13x0_sdk_4_20_02_07/kernel/nortos\lib/nortos_cc13x0.am3g(SwiP_nortos.om3g)
 .debug_aranges
                0x00000438       0xe8 C:/ti/simplelink_cc13x0_sdk_4_20_02_07/kernel/nortos\lib/nortos_cc13x0.am3g(ClockPTimer_nortos.om3g)
 .debug_aranges
                0x00000520       0x98 C:/ti/simplelink_cc13x0_sdk_4_20_02_07/kernel/nortos\lib/nortos_cc13x0.am3g(TimerPCC26XX_nortos.om3g)
 .debug_aranges
                0x000005b8       0xb0 C:/ti/simplelink_cc13x0_sdk_4_20_02_07/kernel/nortos\lib/nortos_cc13x0.am3g(HwiPCC26XX_nortos.om3g)
 .debug_aranges
                0x00000668       0x30 C:/ti/simplelink_cc13x0_sdk_4_20_02_07/kernel/nortos\lib/nortos_cc13x0.am3g(PowerCC26XX_nortos.om3g)
 .debug_aranges
                0x00000698       0x50 C:/ti/simplelink_cc13x0_sdk_4_20_02_07/kernel/nortos\lib/nortos_cc13x0.am3g(startup_cc13xx_cc26xx_gcc.om3g)
 .debug_aranges
                0x000006e8       0x80 C:/ti/simplelink_cc13x0_sdk_4_20_02_07/kernel/nortos\lib/nortos_cc13x0.am3g(QueueP_nortos.om3g)
 .debug_aranges
                0x00000768       0x48 C:/ti/simplelink_cc13x0_sdk_4_20_02_07/source\ti/devices/cc13x0/driverlib/bin/gcc/driverlib.lib(chipinfo.o)
 .debug_aranges
                0x000007b0       0x28 C:/ti/simplelink_cc13x0_sdk_4_20_02_07/source\ti/devices/cc13x0/driverlib/bin/gcc/driverlib.lib(setup.o)
 .debug_aranges
                0x000007d8       0x38 C:/ti/simplelink_cc13x0_sdk_4_20_02_07/source\ti/devices/cc13x0/driverlib/bin/gcc/driverlib.lib(sys_ctrl.o)
 .debug_aranges
                0x00000810       0x40 C:/ti/simplelink_cc13x0_sdk_4_20_02_07/source\ti/devices/cc13x0/driverlib/bin/gcc/driverlib.lib(cpu.o)
 .debug_aranges
                0x00000850       0x18 C:/ti/simplelink_cc13x0_sdk_4_20_02_07/source\ti/devices/cc13x0/driverlib/bin/gcc/driverlib.lib(driverlib_release.o)
 .debug_aranges
                0x00000868       0x28 C:/ti/simplelink_cc13x0_sdk_4_20_02_07/source\ti/devices/cc13x0/driverlib/bin/gcc/driverlib.lib(aon_rtc.o)
 .debug_aranges
                0x00000890       0xb8 C:/ti/simplelink_cc13x0_sdk_4_20_02_07/source\ti/devices/cc13x0/driverlib/bin/gcc/driverlib.lib(setup_rom.o)
 .debug_aranges
                0x00000948       0x78 C:/ti/simplelink_cc13x0_sdk_4_20_02_07/source\ti/devices/cc13x0/driverlib/bin/gcc/driverlib.lib(interrupt.o)
 .debug_aranges
                0x000009c0       0x70 C:/ti/simplelink_cc13x0_sdk_4_20_02_07/source\ti/devices/cc13x0/driverlib/bin/gcc/driverlib.lib(osc.o)
 .debug_aranges
                0x00000a30       0x20 C:/ti/simplelink_cc13x0_sdk_4_20_02_07/source\ti/devices/cc13x0/driverlib/bin/gcc/driverlib.lib(aon_batmon.o)
 .debug_aranges
                0x00000a50       0x28 C:/ti/simplelink_cc13x0_sdk_4_20_02_07/source\ti/devices/cc13x0/driverlib/bin/gcc/driverlib.lib(adi.o)
 .debug_aranges
                0x00000a78       0x38 C:/ti/simplelink_cc13x0_sdk_4_20_02_07/source\ti/devices/cc13x0/driverlib/bin/gcc/driverlib.lib(vims.o)
 .debug_aranges
                0x00000ab0       0x48 C:/ti/simplelink_cc13x0_sdk_4_20_02_07/source\ti/devices/cc13x0/driverlib/bin/gcc/driverlib.lib(ddi.o)

.debug_ranges   0x00000000     0x1210
 .debug_ranges  0x00000000       0x18 ./CC1350_LAUNCHXL_433.o
 .debug_ranges  0x00000018       0x38 ./CC1350_LAUNCHXL_433_fxns.o
 .debug_ranges  0x00000050       0x10 ./main.o
 .debug_ranges  0x00000060      0x208 C:/ti/simplelink_cc13x0_sdk_4_20_02_07/source\ti/drivers/lib/drivers_cc13x0.am3g(PINCC26XX.om3g)
 .debug_ranges  0x00000268      0x3e8 C:/ti/simplelink_cc13x0_sdk_4_20_02_07/source\ti/drivers/lib/drivers_cc13x0.am3g(PowerCC26XX.om3g)
 .debug_ranges  0x00000650       0xb0 C:/ti/simplelink_cc13x0_sdk_4_20_02_07/source\ti/drivers/lib/drivers_cc13x0.am3g(PowerCC26XX_calibrateRCOSC.om3g)
 .debug_ranges  0x00000700      0x110 C:/ti/simplelink_cc13x0_sdk_4_20_02_07/kernel/nortos\lib/nortos_cc13x0.am3g(SemaphoreP_nortos.om3g)
 .debug_ranges  0x00000810       0xc0 C:/ti/simplelink_cc13x0_sdk_4_20_02_07/kernel/nortos\lib/nortos_cc13x0.am3g(SwiP_nortos.om3g)
 .debug_ranges  0x000008d0      0x188 C:/ti/simplelink_cc13x0_sdk_4_20_02_07/kernel/nortos\lib/nortos_cc13x0.am3g(ClockPTimer_nortos.om3g)
 .debug_ranges  0x00000a58      0x248 C:/ti/simplelink_cc13x0_sdk_4_20_02_07/kernel/nortos\lib/nortos_cc13x0.am3g(TimerPCC26XX_nortos.om3g)
 .debug_ranges  0x00000ca0       0xb8 C:/ti/simplelink_cc13x0_sdk_4_20_02_07/kernel/nortos\lib/nortos_cc13x0.am3g(HwiPCC26XX_nortos.om3g)
 .debug_ranges  0x00000d58       0x90 C:/ti/simplelink_cc13x0_sdk_4_20_02_07/kernel/nortos\lib/nortos_cc13x0.am3g(PowerCC26XX_nortos.om3g)
 .debug_ranges  0x00000de8       0x40 C:/ti/simplelink_cc13x0_sdk_4_20_02_07/kernel/nortos\lib/nortos_cc13x0.am3g(startup_cc13xx_cc26xx_gcc.om3g)
 .debug_ranges  0x00000e28       0x70 C:/ti/simplelink_cc13x0_sdk_4_20_02_07/kernel/nortos\lib/nortos_cc13x0.am3g(QueueP_nortos.om3g)
 .debug_ranges  0x00000e98       0x80 C:/ti/simplelink_cc13x0_sdk_4_20_02_07/source\ti/devices/cc13x0/driverlib/bin/gcc/driverlib.lib(chipinfo.o)
 .debug_ranges  0x00000f18       0x18 C:/ti/simplelink_cc13x0_sdk_4_20_02_07/source\ti/devices/cc13x0/driverlib/bin/gcc/driverlib.lib(setup.o)
 .debug_ranges  0x00000f30       0x28 C:/ti/simplelink_cc13x0_sdk_4_20_02_07/source\ti/devices/cc13x0/driverlib/bin/gcc/driverlib.lib(sys_ctrl.o)
 .debug_ranges  0x00000f58       0x30 C:/ti/simplelink_cc13x0_sdk_4_20_02_07/source\ti/devices/cc13x0/driverlib/bin/gcc/driverlib.lib(cpu.o)
 .debug_ranges  0x00000f88       0x18 C:/ti/simplelink_cc13x0_sdk_4_20_02_07/source\ti/devices/cc13x0/driverlib/bin/gcc/driverlib.lib(aon_rtc.o)
 .debug_ranges  0x00000fa0      0x108 C:/ti/simplelink_cc13x0_sdk_4_20_02_07/source\ti/devices/cc13x0/driverlib/bin/gcc/driverlib.lib(setup_rom.o)
 .debug_ranges  0x000010a8       0x68 C:/ti/simplelink_cc13x0_sdk_4_20_02_07/source\ti/devices/cc13x0/driverlib/bin/gcc/driverlib.lib(interrupt.o)
 .debug_ranges  0x00001110       0x78 C:/ti/simplelink_cc13x0_sdk_4_20_02_07/source\ti/devices/cc13x0/driverlib/bin/gcc/driverlib.lib(osc.o)
 .debug_ranges  0x00001188       0x10 C:/ti/simplelink_cc13x0_sdk_4_20_02_07/source\ti/devices/cc13x0/driverlib/bin/gcc/driverlib.lib(aon_batmon.o)
 .debug_ranges  0x00001198       0x18 C:/ti/simplelink_cc13x0_sdk_4_20_02_07/source\ti/devices/cc13x0/driverlib/bin/gcc/driverlib.lib(adi.o)
 .debug_ranges  0x000011b0       0x28 C:/ti/simplelink_cc13x0_sdk_4_20_02_07/source\ti/devices/cc13x0/driverlib/bin/gcc/driverlib.lib(vims.o)
 .debug_ranges  0x000011d8       0x38 C:/ti/simplelink_cc13x0_sdk_4_20_02_07/source\ti/devices/cc13x0/driverlib/bin/gcc/driverlib.lib(ddi.o)

.debug_line     0x00000000     0x7eb0
 .debug_line    0x00000000      0xd65 ./CC1350_LAUNCHXL_433.o
 .debug_line    0x00000d65      0x4c9 ./CC1350_LAUNCHXL_433_fxns.o
 .debug_line    0x0000122e      0x1b3 ./ccfg.o
 .debug_line    0x000013e1       0x42 ./main.o
 .debug_line    0x00001423       0x3c ./red_green.o
 .debug_line    0x0000145f      0x95e C:/ti/simplelink_cc13x0_sdk_4_20_02_07/source\ti/drivers/lib/drivers_cc13x0.am3g(PINCC26XX.om3g)
 .debug_line    0x00001dbd      0xdc3 C:/ti/simplelink_cc13x0_sdk_4_20_02_07/source\ti/drivers/lib/drivers_cc13x0.am3g(PowerCC26XX.om3g)
 .debug_line    0x00002b80      0x6ac C:/ti/simplelink_cc13x0_sdk_4_20_02_07/source\ti/drivers/lib/drivers_cc13x0.am3g(PowerCC26XX_calibrateRCOSC.om3g)
 .debug_line    0x0000322c      0x595 C:/ti/simplelink_cc13x0_sdk_4_20_02_07/kernel/nortos\lib/nortos_cc13x0.am3g(SemaphoreP_nortos.om3g)
 .debug_line    0x000037c1      0x5bd C:/ti/simplelink_cc13x0_sdk_4_20_02_07/kernel/nortos\lib/nortos_cc13x0.am3g(SwiP_nortos.om3g)
 .debug_line    0x00003d7e      0x6f3 C:/ti/simplelink_cc13x0_sdk_4_20_02_07/kernel/nortos\lib/nortos_cc13x0.am3g(ClockPTimer_nortos.om3g)
 .debug_line    0x00004471      0x6a3 C:/ti/simplelink_cc13x0_sdk_4_20_02_07/kernel/nortos\lib/nortos_cc13x0.am3g(TimerPCC26XX_nortos.om3g)
 .debug_line    0x00004b14      0x5b3 C:/ti/simplelink_cc13x0_sdk_4_20_02_07/kernel/nortos\lib/nortos_cc13x0.am3g(HwiPCC26XX_nortos.om3g)
 .debug_line    0x000050c7      0x652 C:/ti/simplelink_cc13x0_sdk_4_20_02_07/kernel/nortos\lib/nortos_cc13x0.am3g(PowerCC26XX_nortos.om3g)
 .debug_line    0x00005719      0x387 C:/ti/simplelink_cc13x0_sdk_4_20_02_07/kernel/nortos\lib/nortos_cc13x0.am3g(startup_cc13xx_cc26xx_gcc.om3g)
 .debug_line    0x00005aa0      0x338 C:/ti/simplelink_cc13x0_sdk_4_20_02_07/kernel/nortos\lib/nortos_cc13x0.am3g(QueueP_nortos.om3g)
 .debug_line    0x00005dd8      0x27b C:/ti/simplelink_cc13x0_sdk_4_20_02_07/source\ti/devices/cc13x0/driverlib/bin/gcc/driverlib.lib(chipinfo.o)
 .debug_line    0x00006053      0x23e C:/ti/simplelink_cc13x0_sdk_4_20_02_07/source\ti/devices/cc13x0/driverlib/bin/gcc/driverlib.lib(setup.o)
 .debug_line    0x00006291      0x2ee C:/ti/simplelink_cc13x0_sdk_4_20_02_07/source\ti/devices/cc13x0/driverlib/bin/gcc/driverlib.lib(sys_ctrl.o)
 .debug_line    0x0000657f      0x1f5 C:/ti/simplelink_cc13x0_sdk_4_20_02_07/source\ti/devices/cc13x0/driverlib/bin/gcc/driverlib.lib(cpu.o)
 .debug_line    0x00006774      0x1db C:/ti/simplelink_cc13x0_sdk_4_20_02_07/source\ti/devices/cc13x0/driverlib/bin/gcc/driverlib.lib(driverlib_release.o)
 .debug_line    0x0000694f      0x1e8 C:/ti/simplelink_cc13x0_sdk_4_20_02_07/source\ti/devices/cc13x0/driverlib/bin/gcc/driverlib.lib(aon_rtc.o)
 .debug_line    0x00006b37      0x4f1 C:/ti/simplelink_cc13x0_sdk_4_20_02_07/source\ti/devices/cc13x0/driverlib/bin/gcc/driverlib.lib(setup_rom.o)
 .debug_line    0x00007028      0x2ce C:/ti/simplelink_cc13x0_sdk_4_20_02_07/source\ti/devices/cc13x0/driverlib/bin/gcc/driverlib.lib(interrupt.o)
 .debug_line    0x000072f6      0x371 C:/ti/simplelink_cc13x0_sdk_4_20_02_07/source\ti/devices/cc13x0/driverlib/bin/gcc/driverlib.lib(osc.o)
 .debug_line    0x00007667      0x1b7 C:/ti/simplelink_cc13x0_sdk_4_20_02_07/source\ti/devices/cc13x0/driverlib/bin/gcc/driverlib.lib(aon_batmon.o)
 .debug_line    0x0000781e      0x206 C:/ti/simplelink_cc13x0_sdk_4_20_02_07/source\ti/devices/cc13x0/driverlib/bin/gcc/driverlib.lib(adi.o)
 .debug_line    0x00007a24      0x215 C:/ti/simplelink_cc13x0_sdk_4_20_02_07/source\ti/devices/cc13x0/driverlib/bin/gcc/driverlib.lib(vims.o)
 .debug_line    0x00007c39      0x277 C:/ti/simplelink_cc13x0_sdk_4_20_02_07/source\ti/devices/cc13x0/driverlib/bin/gcc/driverlib.lib(ddi.o)

.debug_str      0x00000000     0xa0df
 .debug_str     0x00000000     0x641f ./CC1350_LAUNCHXL_433.o
                               0x6640 (size before relaxing)
 .debug_str     0x0000641f      0x137 ./CC1350_LAUNCHXL_433_fxns.o
                                0xdcb (size before relaxing)
 .debug_str     0x00006556      0x1a9 ./ccfg.o
                                0x34e (size before relaxing)
 .debug_str     0x000066ff        0xf ./main.o
                                0x1a0 (size before relaxing)
 .debug_str     0x0000670e       0x1d ./red_green.o
                                 0x65 (size before relaxing)
 .debug_str     0x0000672b      0x83f C:/ti/simplelink_cc13x0_sdk_4_20_02_07/source\ti/drivers/lib/drivers_cc13x0.am3g(PINCC26XX.om3g)
                                0xafb (size before relaxing)
 .debug_str     0x00006f6a      0xc00 C:/ti/simplelink_cc13x0_sdk_4_20_02_07/source\ti/drivers/lib/drivers_cc13x0.am3g(PowerCC26XX.om3g)
                               0x14a2 (size before relaxing)
 .debug_str     0x00007b6a      0x1d9 C:/ti/simplelink_cc13x0_sdk_4_20_02_07/source\ti/drivers/lib/drivers_cc13x0.am3g(PowerCC26XX_calibrateRCOSC.om3g)
                                0x79b (size before relaxing)
 .debug_str     0x00007d43      0x22c C:/ti/simplelink_cc13x0_sdk_4_20_02_07/kernel/nortos\lib/nortos_cc13x0.am3g(SemaphoreP_nortos.om3g)
                                0x9b2 (size before relaxing)
 .debug_str     0x00007f6f      0x299 C:/ti/simplelink_cc13x0_sdk_4_20_02_07/kernel/nortos\lib/nortos_cc13x0.am3g(SwiP_nortos.om3g)
                                0xa52 (size before relaxing)
 .debug_str     0x00008208      0x47d C:/ti/simplelink_cc13x0_sdk_4_20_02_07/kernel/nortos\lib/nortos_cc13x0.am3g(ClockPTimer_nortos.om3g)
                                0xe3d (size before relaxing)
 .debug_str     0x00008685      0x261 C:/ti/simplelink_cc13x0_sdk_4_20_02_07/kernel/nortos\lib/nortos_cc13x0.am3g(TimerPCC26XX_nortos.om3g)
                                0xacf (size before relaxing)
 .debug_str     0x000088e6      0x321 C:/ti/simplelink_cc13x0_sdk_4_20_02_07/kernel/nortos\lib/nortos_cc13x0.am3g(HwiPCC26XX_nortos.om3g)
                                0xab0 (size before relaxing)
 .debug_str     0x00008c07       0xa3 C:/ti/simplelink_cc13x0_sdk_4_20_02_07/kernel/nortos\lib/nortos_cc13x0.am3g(PowerCC26XX_nortos.om3g)
                                0xb35 (size before relaxing)
 .debug_str     0x00008caa      0x122 C:/ti/simplelink_cc13x0_sdk_4_20_02_07/kernel/nortos\lib/nortos_cc13x0.am3g(startup_cc13xx_cc26xx_gcc.om3g)
                                0x77d (size before relaxing)
 .debug_str     0x00008dcc       0x73 C:/ti/simplelink_cc13x0_sdk_4_20_02_07/kernel/nortos\lib/nortos_cc13x0.am3g(QueueP_nortos.om3g)
                                0x30a (size before relaxing)
 .debug_str     0x00008e3f      0x3d3 C:/ti/simplelink_cc13x0_sdk_4_20_02_07/source\ti/devices/cc13x0/driverlib/bin/gcc/driverlib.lib(chipinfo.o)
                                0x620 (size before relaxing)
 .debug_str     0x00009212      0x1bb C:/ti/simplelink_cc13x0_sdk_4_20_02_07/source\ti/devices/cc13x0/driverlib/bin/gcc/driverlib.lib(setup.o)
                                0x38c (size before relaxing)
 .debug_str     0x000093cd      0x1e2 C:/ti/simplelink_cc13x0_sdk_4_20_02_07/source\ti/devices/cc13x0/driverlib/bin/gcc/driverlib.lib(sys_ctrl.o)
                                0x469 (size before relaxing)
 .debug_str     0x000095af       0x61 C:/ti/simplelink_cc13x0_sdk_4_20_02_07/source\ti/devices/cc13x0/driverlib/bin/gcc/driverlib.lib(cpu.o)
                                0x1fd (size before relaxing)
 .debug_str     0x00009610       0x29 C:/ti/simplelink_cc13x0_sdk_4_20_02_07/source\ti/devices/cc13x0/driverlib/bin/gcc/driverlib.lib(driverlib_release.o)
                                0x1c7 (size before relaxing)
 .debug_str     0x00009639       0x76 C:/ti/simplelink_cc13x0_sdk_4_20_02_07/source\ti/devices/cc13x0/driverlib/bin/gcc/driverlib.lib(aon_rtc.o)
                                0x24c (size before relaxing)
 .debug_str     0x000096af      0x470 C:/ti/simplelink_cc13x0_sdk_4_20_02_07/source\ti/devices/cc13x0/driverlib/bin/gcc/driverlib.lib(setup_rom.o)
                                0x768 (size before relaxing)
 .debug_str     0x00009b1f      0x17a C:/ti/simplelink_cc13x0_sdk_4_20_02_07/source\ti/devices/cc13x0/driverlib/bin/gcc/driverlib.lib(interrupt.o)
                                0x348 (size before relaxing)
 .debug_str     0x00009c99      0x247 C:/ti/simplelink_cc13x0_sdk_4_20_02_07/source\ti/devices/cc13x0/driverlib/bin/gcc/driverlib.lib(osc.o)
                                0x865 (size before relaxing)
 .debug_str     0x00009ee0       0x49 C:/ti/simplelink_cc13x0_sdk_4_20_02_07/source\ti/devices/cc13x0/driverlib/bin/gcc/driverlib.lib(aon_batmon.o)
                                0x1f7 (size before relaxing)
 .debug_str     0x00009f29       0x5d C:/ti/simplelink_cc13x0_sdk_4_20_02_07/source\ti/devices/cc13x0/driverlib/bin/gcc/driverlib.lib(adi.o)
                                0x21b (size before relaxing)
 .debug_str     0x00009f86       0x8f C:/ti/simplelink_cc13x0_sdk_4_20_02_07/source\ti/devices/cc13x0/driverlib/bin/gcc/driverlib.lib(vims.o)
                                0x23f (size before relaxing)
 .debug_str     0x0000a015       0xca C:/ti/simplelink_cc13x0_sdk_4_20_02_07/source\ti/devices/cc13x0/driverlib/bin/gcc/driverlib.lib(ddi.o)
                                0x2ec (size before relaxing)

.comment        0x00000000       0xf7
 .comment       0x00000000       0x79 ./CC1350_LAUNCHXL_433.o
                                 0x7a (size before relaxing)
 .comment       0x00000079       0x7a ./CC1350_LAUNCHXL_433_fxns.o
 .comment       0x00000079       0x7a ./ccfg.o
 .comment       0x00000079       0x7a ./main.o
 .comment       0x00000079       0x7e C:/ti/simplelink_cc13x0_sdk_4_20_02_07/source\ti/drivers/lib/drivers_cc13x0.am3g(PINCC26XX.om3g)
                                 0x7f (size before relaxing)
 .comment       0x000000f7       0x7f C:/ti/simplelink_cc13x0_sdk_4_20_02_07/source\ti/drivers/lib/drivers_cc13x0.am3g(PowerCC26XX.om3g)
 .comment       0x000000f7       0x7f C:/ti/simplelink_cc13x0_sdk_4_20_02_07/source\ti/drivers/lib/drivers_cc13x0.am3g(PowerCC26XX_calibrateRCOSC.om3g)
 .comment       0x000000f7       0x7f C:/ti/simplelink_cc13x0_sdk_4_20_02_07/kernel/nortos\lib/nortos_cc13x0.am3g(SemaphoreP_nortos.om3g)
 .comment       0x000000f7       0x7f C:/ti/simplelink_cc13x0_sdk_4_20_02_07/kernel/nortos\lib/nortos_cc13x0.am3g(SwiP_nortos.om3g)
 .comment       0x000000f7       0x7f C:/ti/simplelink_cc13x0_sdk_4_20_02_07/kernel/nortos\lib/nortos_cc13x0.am3g(ClockPTimer_nortos.om3g)
 .comment       0x000000f7       0x7f C:/ti/simplelink_cc13x0_sdk_4_20_02_07/kernel/nortos\lib/nortos_cc13x0.am3g(TimerPCC26XX_nortos.om3g)
 .comment       0x000000f7       0x7f C:/ti/simplelink_cc13x0_sdk_4_20_02_07/kernel/nortos\lib/nortos_cc13x0.am3g(HwiPCC26XX_nortos.om3g)
 .comment       0x000000f7       0x7f C:/ti/simplelink_cc13x0_sdk_4_20_02_07/kernel/nortos\lib/nortos_cc13x0.am3g(PowerCC26XX_nortos.om3g)
 .comment       0x000000f7       0x7f C:/ti/simplelink_cc13x0_sdk_4_20_02_07/kernel/nortos\lib/nortos_cc13x0.am3g(startup_cc13xx_cc26xx_gcc.om3g)
 .comment       0x000000f7       0x7f C:/ti/simplelink_cc13x0_sdk_4_20_02_07/kernel/nortos\lib/nortos_cc13x0.am3g(QueueP_nortos.om3g)
 .comment       0x000000f7       0x7f C:/ti/simplelink_cc13x0_sdk_4_20_02_07/source\ti/devices/cc13x0/driverlib/bin/gcc/driverlib.lib(chipinfo.o)
 .comment       0x000000f7       0x7f C:/ti/simplelink_cc13x0_sdk_4_20_02_07/source\ti/devices/cc13x0/driverlib/bin/gcc/driverlib.lib(setup.o)
 .comment       0x000000f7       0x7f C:/ti/simplelink_cc13x0_sdk_4_20_02_07/source\ti/devices/cc13x0/driverlib/bin/gcc/driverlib.lib(sys_ctrl.o)
 .comment       0x000000f7       0x7f C:/ti/simplelink_cc13x0_sdk_4_20_02_07/source\ti/devices/cc13x0/driverlib/bin/gcc/driverlib.lib(cpu.o)
 .comment       0x000000f7       0x7f C:/ti/simplelink_cc13x0_sdk_4_20_02_07/source\ti/devices/cc13x0/driverlib/bin/gcc/driverlib.lib(driverlib_release.o)
 .comment       0x000000f7       0x7f C:/ti/simplelink_cc13x0_sdk_4_20_02_07/source\ti/devices/cc13x0/driverlib/bin/gcc/driverlib.lib(aon_rtc.o)
 .comment       0x000000f7       0x7f C:/ti/simplelink_cc13x0_sdk_4_20_02_07/source\ti/devices/cc13x0/driverlib/bin/gcc/driverlib.lib(setup_rom.o)
 .comment       0x000000f7       0x7f C:/ti/simplelink_cc13x0_sdk_4_20_02_07/source\ti/devices/cc13x0/driverlib/bin/gcc/driverlib.lib(interrupt.o)
 .comment       0x000000f7       0x7f C:/ti/simplelink_cc13x0_sdk_4_20_02_07/source\ti/devices/cc13x0/driverlib/bin/gcc/driverlib.lib(osc.o)
 .comment       0x000000f7       0x7f C:/ti/simplelink_cc13x0_sdk_4_20_02_07/source\ti/devices/cc13x0/driverlib/bin/gcc/driverlib.lib(aon_batmon.o)
 .comment       0x000000f7       0x7f C:/ti/simplelink_cc13x0_sdk_4_20_02_07/source\ti/devices/cc13x0/driverlib/bin/gcc/driverlib.lib(adi.o)
 .comment       0x000000f7       0x7f C:/ti/simplelink_cc13x0_sdk_4_20_02_07/source\ti/devices/cc13x0/driverlib/bin/gcc/driverlib.lib(vims.o)
 .comment       0x000000f7       0x7f C:/ti/simplelink_cc13x0_sdk_4_20_02_07/source\ti/devices/cc13x0/driverlib/bin/gcc/driverlib.lib(ddi.o)

.ARM.attributes
                0x00000000       0x2d
 .ARM.attributes
                0x00000000       0x2d ./CC1350_LAUNCHXL_433.o
 .ARM.attributes
                0x0000002d       0x2d ./CC1350_LAUNCHXL_433_fxns.o
 .ARM.attributes
                0x0000005a       0x33 ./ccfg.o
 .ARM.attributes
                0x0000008d       0x2d ./main.o
 .ARM.attributes
                0x000000ba       0x1b ./red_green.o
 .ARM.attributes
                0x000000d5       0x33 C:/ti/simplelink_cc13x0_sdk_4_20_02_07/source\ti/drivers/lib/drivers_cc13x0.am3g(PINCC26XX.om3g)
 .ARM.attributes
                0x00000108       0x33 C:/ti/simplelink_cc13x0_sdk_4_20_02_07/source\ti/drivers/lib/drivers_cc13x0.am3g(PowerCC26XX.om3g)
 .ARM.attributes
                0x0000013b       0x33 C:/ti/simplelink_cc13x0_sdk_4_20_02_07/source\ti/drivers/lib/drivers_cc13x0.am3g(PowerCC26XX_calibrateRCOSC.om3g)
 .ARM.attributes
                0x0000016e       0x33 C:/ti/simplelink_cc13x0_sdk_4_20_02_07/kernel/nortos\lib/nortos_cc13x0.am3g(SemaphoreP_nortos.om3g)
 .ARM.attributes
                0x000001a1       0x33 C:/ti/simplelink_cc13x0_sdk_4_20_02_07/kernel/nortos\lib/nortos_cc13x0.am3g(SwiP_nortos.om3g)
 .ARM.attributes
                0x000001d4       0x33 C:/ti/simplelink_cc13x0_sdk_4_20_02_07/kernel/nortos\lib/nortos_cc13x0.am3g(ClockPTimer_nortos.om3g)
 .ARM.attributes
                0x00000207       0x33 C:/ti/simplelink_cc13x0_sdk_4_20_02_07/kernel/nortos\lib/nortos_cc13x0.am3g(TimerPCC26XX_nortos.om3g)
 .ARM.attributes
                0x0000023a       0x33 C:/ti/simplelink_cc13x0_sdk_4_20_02_07/kernel/nortos\lib/nortos_cc13x0.am3g(HwiPCC26XX_nortos.om3g)
 .ARM.attributes
                0x0000026d       0x33 C:/ti/simplelink_cc13x0_sdk_4_20_02_07/kernel/nortos\lib/nortos_cc13x0.am3g(PowerCC26XX_nortos.om3g)
 .ARM.attributes
                0x000002a0       0x33 C:/ti/simplelink_cc13x0_sdk_4_20_02_07/kernel/nortos\lib/nortos_cc13x0.am3g(startup_cc13xx_cc26xx_gcc.om3g)
 .ARM.attributes
                0x000002d3       0x33 C:/ti/simplelink_cc13x0_sdk_4_20_02_07/kernel/nortos\lib/nortos_cc13x0.am3g(QueueP_nortos.om3g)
 .ARM.attributes
                0x00000306       0x33 C:/ti/simplelink_cc13x0_sdk_4_20_02_07/source\ti/devices/cc13x0/driverlib/bin/gcc/driverlib.lib(chipinfo.o)
 .ARM.attributes
                0x00000339       0x33 C:/ti/simplelink_cc13x0_sdk_4_20_02_07/source\ti/devices/cc13x0/driverlib/bin/gcc/driverlib.lib(setup.o)
 .ARM.attributes
                0x0000036c       0x33 C:/ti/simplelink_cc13x0_sdk_4_20_02_07/source\ti/devices/cc13x0/driverlib/bin/gcc/driverlib.lib(sys_ctrl.o)
 .ARM.attributes
                0x0000039f       0x33 C:/ti/simplelink_cc13x0_sdk_4_20_02_07/source\ti/devices/cc13x0/driverlib/bin/gcc/driverlib.lib(cpu.o)
 .ARM.attributes
                0x000003d2       0x33 C:/ti/simplelink_cc13x0_sdk_4_20_02_07/source\ti/devices/cc13x0/driverlib/bin/gcc/driverlib.lib(driverlib_release.o)
 .ARM.attributes
                0x00000405       0x33 C:/ti/simplelink_cc13x0_sdk_4_20_02_07/source\ti/devices/cc13x0/driverlib/bin/gcc/driverlib.lib(aon_rtc.o)
 .ARM.attributes
                0x00000438       0x33 C:/ti/simplelink_cc13x0_sdk_4_20_02_07/source\ti/devices/cc13x0/driverlib/bin/gcc/driverlib.lib(setup_rom.o)
 .ARM.attributes
                0x0000046b       0x33 C:/ti/simplelink_cc13x0_sdk_4_20_02_07/source\ti/devices/cc13x0/driverlib/bin/gcc/driverlib.lib(interrupt.o)
 .ARM.attributes
                0x0000049e       0x33 C:/ti/simplelink_cc13x0_sdk_4_20_02_07/source\ti/devices/cc13x0/driverlib/bin/gcc/driverlib.lib(osc.o)
 .ARM.attributes
                0x000004d1       0x33 C:/ti/simplelink_cc13x0_sdk_4_20_02_07/source\ti/devices/cc13x0/driverlib/bin/gcc/driverlib.lib(aon_batmon.o)
 .ARM.attributes
                0x00000504       0x33 C:/ti/simplelink_cc13x0_sdk_4_20_02_07/source\ti/devices/cc13x0/driverlib/bin/gcc/driverlib.lib(adi.o)
 .ARM.attributes
                0x00000537       0x33 C:/ti/simplelink_cc13x0_sdk_4_20_02_07/source\ti/devices/cc13x0/driverlib/bin/gcc/driverlib.lib(vims.o)
 .ARM.attributes
                0x0000056a       0x33 C:/ti/simplelink_cc13x0_sdk_4_20_02_07/source\ti/devices/cc13x0/driverlib/bin/gcc/driverlib.lib(ddi.o)
 .ARM.attributes
                0x0000059d       0x1d c:/ti/ccs1250/ccs/tools/compiler/gcc-arm-none-eabi-9-2019-q4-major/bin/../lib/gcc/arm-none-eabi/9.2.1/thumb/v7-m/nofp\libgcc.a(_aeabi_uldivmod.o)
 .ARM.attributes
                0x000005ba       0x2d c:/ti/ccs1250/ccs/tools/compiler/gcc-arm-none-eabi-9-2019-q4-major/bin/../lib/gcc/arm-none-eabi/9.2.1/thumb/v7-m/nofp\libgcc.a(_udivmoddi4.o)
 .ARM.attributes
                0x000005e7       0x1d c:/ti/ccs1250/ccs/tools/compiler/gcc-arm-none-eabi-9-2019-q4-major/bin/../lib/gcc/arm-none-eabi/9.2.1/thumb/v7-m/nofp\libgcc.a(_dvmd_tls.o)

.debug_frame    0x00000000     0x1b94
 .debug_frame   0x00000000       0x48 ./CC1350_LAUNCHXL_433.o
 .debug_frame   0x00000048       0xe8 ./CC1350_LAUNCHXL_433_fxns.o
 .debug_frame   0x00000130       0x2c ./main.o
 .debug_frame   0x0000015c      0x2a4 C:/ti/simplelink_cc13x0_sdk_4_20_02_07/source\ti/drivers/lib/drivers_cc13x0.am3g(PINCC26XX.om3g)
 .debug_frame   0x00000400      0x378 C:/ti/simplelink_cc13x0_sdk_4_20_02_07/source\ti/drivers/lib/drivers_cc13x0.am3g(PowerCC26XX.om3g)
 .debug_frame   0x00000778       0xe4 C:/ti/simplelink_cc13x0_sdk_4_20_02_07/source\ti/drivers/lib/drivers_cc13x0.am3g(PowerCC26XX_calibrateRCOSC.om3g)
 .debug_frame   0x0000085c      0x164 C:/ti/simplelink_cc13x0_sdk_4_20_02_07/kernel/nortos\lib/nortos_cc13x0.am3g(SemaphoreP_nortos.om3g)
 .debug_frame   0x000009c0      0x23c C:/ti/simplelink_cc13x0_sdk_4_20_02_07/kernel/nortos\lib/nortos_cc13x0.am3g(SwiP_nortos.om3g)
 .debug_frame   0x00000bfc      0x2dc C:/ti/simplelink_cc13x0_sdk_4_20_02_07/kernel/nortos\lib/nortos_cc13x0.am3g(ClockPTimer_nortos.om3g)
 .debug_frame   0x00000ed8      0x198 C:/ti/simplelink_cc13x0_sdk_4_20_02_07/kernel/nortos\lib/nortos_cc13x0.am3g(TimerPCC26XX_nortos.om3g)
 .debug_frame   0x00001070      0x19c C:/ti/simplelink_cc13x0_sdk_4_20_02_07/kernel/nortos\lib/nortos_cc13x0.am3g(HwiPCC26XX_nortos.om3g)
 .debug_frame   0x0000120c       0x64 C:/ti/simplelink_cc13x0_sdk_4_20_02_07/kernel/nortos\lib/nortos_cc13x0.am3g(PowerCC26XX_nortos.om3g)
 .debug_frame   0x00001270       0x8c C:/ti/simplelink_cc13x0_sdk_4_20_02_07/kernel/nortos\lib/nortos_cc13x0.am3g(startup_cc13xx_cc26xx_gcc.om3g)
 .debug_frame   0x000012fc      0x120 C:/ti/simplelink_cc13x0_sdk_4_20_02_07/kernel/nortos\lib/nortos_cc13x0.am3g(QueueP_nortos.om3g)
 .debug_frame   0x0000141c       0x88 C:/ti/simplelink_cc13x0_sdk_4_20_02_07/source\ti/devices/cc13x0/driverlib/bin/gcc/driverlib.lib(chipinfo.o)
 .debug_frame   0x000014a4       0x44 C:/ti/simplelink_cc13x0_sdk_4_20_02_07/source\ti/devices/cc13x0/driverlib/bin/gcc/driverlib.lib(setup.o)
 .debug_frame   0x000014e8       0x80 C:/ti/simplelink_cc13x0_sdk_4_20_02_07/source\ti/devices/cc13x0/driverlib/bin/gcc/driverlib.lib(sys_ctrl.o)
 .debug_frame   0x00001568       0x60 C:/ti/simplelink_cc13x0_sdk_4_20_02_07/source\ti/devices/cc13x0/driverlib/bin/gcc/driverlib.lib(cpu.o)
 .debug_frame   0x000015c8       0x40 C:/ti/simplelink_cc13x0_sdk_4_20_02_07/source\ti/devices/cc13x0/driverlib/bin/gcc/driverlib.lib(aon_rtc.o)
 .debug_frame   0x00001608      0x198 C:/ti/simplelink_cc13x0_sdk_4_20_02_07/source\ti/devices/cc13x0/driverlib/bin/gcc/driverlib.lib(setup_rom.o)
 .debug_frame   0x000017a0       0xe8 C:/ti/simplelink_cc13x0_sdk_4_20_02_07/source\ti/devices/cc13x0/driverlib/bin/gcc/driverlib.lib(interrupt.o)
 .debug_frame   0x00001888      0x120 C:/ti/simplelink_cc13x0_sdk_4_20_02_07/source\ti/devices/cc13x0/driverlib/bin/gcc/driverlib.lib(osc.o)
 .debug_frame   0x000019a8       0x20 C:/ti/simplelink_cc13x0_sdk_4_20_02_07/source\ti/devices/cc13x0/driverlib/bin/gcc/driverlib.lib(aon_batmon.o)
 .debug_frame   0x000019c8       0x64 C:/ti/simplelink_cc13x0_sdk_4_20_02_07/source\ti/devices/cc13x0/driverlib/bin/gcc/driverlib.lib(adi.o)
 .debug_frame   0x00001a2c       0x5c C:/ti/simplelink_cc13x0_sdk_4_20_02_07/source\ti/devices/cc13x0/driverlib/bin/gcc/driverlib.lib(vims.o)
 .debug_frame   0x00001a88       0xac C:/ti/simplelink_cc13x0_sdk_4_20_02_07/source\ti/devices/cc13x0/driverlib/bin/gcc/driverlib.lib(ddi.o)
 .debug_frame   0x00001b34       0x2c c:/ti/ccs1250/ccs/tools/compiler/gcc-arm-none-eabi-9-2019-q4-major/bin/../lib/gcc/arm-none-eabi/9.2.1/thumb/v7-m/nofp\libgcc.a(_aeabi_uldivmod.o)
 .debug_frame   0x00001b60       0x34 c:/ti/ccs1250/ccs/tools/compiler/gcc-arm-none-eabi-9-2019-q4-major/bin/../lib/gcc/arm-none-eabi/9.2.1/thumb/v7-m/nofp\libgcc.a(_udivmoddi4.o)

.debug_loc      0x00000000     0x68b8
 .debug_loc     0x00000000      0xf7b C:/ti/simplelink_cc13x0_sdk_4_20_02_07/source\ti/drivers/lib/drivers_cc13x0.am3g(PINCC26XX.om3g)
 .debug_loc     0x00000f7b      0xcfe C:/ti/simplelink_cc13x0_sdk_4_20_02_07/source\ti/drivers/lib/drivers_cc13x0.am3g(PowerCC26XX.om3g)
 .debug_loc     0x00001c79      0x49f C:/ti/simplelink_cc13x0_sdk_4_20_02_07/source\ti/drivers/lib/drivers_cc13x0.am3g(PowerCC26XX_calibrateRCOSC.om3g)
 .debug_loc     0x00002118      0x531 C:/ti/simplelink_cc13x0_sdk_4_20_02_07/kernel/nortos\lib/nortos_cc13x0.am3g(SemaphoreP_nortos.om3g)
 .debug_loc     0x00002649      0x8a2 C:/ti/simplelink_cc13x0_sdk_4_20_02_07/kernel/nortos\lib/nortos_cc13x0.am3g(SwiP_nortos.om3g)
 .debug_loc     0x00002eeb      0xc08 C:/ti/simplelink_cc13x0_sdk_4_20_02_07/kernel/nortos\lib/nortos_cc13x0.am3g(ClockPTimer_nortos.om3g)
 .debug_loc     0x00003af3      0x696 C:/ti/simplelink_cc13x0_sdk_4_20_02_07/kernel/nortos\lib/nortos_cc13x0.am3g(TimerPCC26XX_nortos.om3g)
 .debug_loc     0x00004189      0x4ec C:/ti/simplelink_cc13x0_sdk_4_20_02_07/kernel/nortos\lib/nortos_cc13x0.am3g(HwiPCC26XX_nortos.om3g)
 .debug_loc     0x00004675      0x105 C:/ti/simplelink_cc13x0_sdk_4_20_02_07/kernel/nortos\lib/nortos_cc13x0.am3g(PowerCC26XX_nortos.om3g)
 .debug_loc     0x0000477a       0xb6 C:/ti/simplelink_cc13x0_sdk_4_20_02_07/kernel/nortos\lib/nortos_cc13x0.am3g(startup_cc13xx_cc26xx_gcc.om3g)
 .debug_loc     0x00004830      0x254 C:/ti/simplelink_cc13x0_sdk_4_20_02_07/kernel/nortos\lib/nortos_cc13x0.am3g(QueueP_nortos.om3g)
 .debug_loc     0x00004a84      0x131 C:/ti/simplelink_cc13x0_sdk_4_20_02_07/source\ti/devices/cc13x0/driverlib/bin/gcc/driverlib.lib(chipinfo.o)
 .debug_loc     0x00004bb5       0xcf C:/ti/simplelink_cc13x0_sdk_4_20_02_07/source\ti/devices/cc13x0/driverlib/bin/gcc/driverlib.lib(setup.o)
 .debug_loc     0x00004c84      0x541 C:/ti/simplelink_cc13x0_sdk_4_20_02_07/source\ti/devices/cc13x0/driverlib/bin/gcc/driverlib.lib(sys_ctrl.o)
 .debug_loc     0x000051c5       0x26 C:/ti/simplelink_cc13x0_sdk_4_20_02_07/source\ti/devices/cc13x0/driverlib/bin/gcc/driverlib.lib(aon_rtc.o)
 .debug_loc     0x000051eb      0x8b0 C:/ti/simplelink_cc13x0_sdk_4_20_02_07/source\ti/devices/cc13x0/driverlib/bin/gcc/driverlib.lib(setup_rom.o)
 .debug_loc     0x00005a9b      0x1a7 C:/ti/simplelink_cc13x0_sdk_4_20_02_07/source\ti/devices/cc13x0/driverlib/bin/gcc/driverlib.lib(interrupt.o)
 .debug_loc     0x00005c42      0x3d2 C:/ti/simplelink_cc13x0_sdk_4_20_02_07/source\ti/devices/cc13x0/driverlib/bin/gcc/driverlib.lib(osc.o)
 .debug_loc     0x00006014       0x61 C:/ti/simplelink_cc13x0_sdk_4_20_02_07/source\ti/devices/cc13x0/driverlib/bin/gcc/driverlib.lib(aon_batmon.o)
 .debug_loc     0x00006075      0x115 C:/ti/simplelink_cc13x0_sdk_4_20_02_07/source\ti/devices/cc13x0/driverlib/bin/gcc/driverlib.lib(adi.o)
 .debug_loc     0x0000618a      0x12d C:/ti/simplelink_cc13x0_sdk_4_20_02_07/source\ti/devices/cc13x0/driverlib/bin/gcc/driverlib.lib(vims.o)
 .debug_loc     0x000062b7      0x601 C:/ti/simplelink_cc13x0_sdk_4_20_02_07/source\ti/devices/cc13x0/driverlib/bin/gcc/driverlib.lib(ddi.o)
